00001000 T _standby_start
00001000 T standby_clock_to_24M
00001044 T standby_clock_to_pll1
00001088 T standby_clock_plldisable
000010c4 T standby_clock_pllenable
00001140 T boot_standby_mode
00001158 T standby_axp_output_control
00001160 T standby_axp_store_int_status
00001168 T standby_axp_restore_int_status
00001170 T standby_axp_int_query
00001178 T standby_axp_probe_power_exist
000011a0 T standby_axp_probe_key
000011f4 T standby_axp_probe_usb
0000124c T standby_int_disable
00001260 T standby_int_enable
00001274 T standby_gic_store
0000128c T standby_gic_restore
000012a4 T standby_gic_probe_pengding
000012e4 T standby_axp_i2c_read
000012ec T standby_axp_i2c_write
000012f4 T standby_serial_putc
00001314 T standby_timer_delay
00001334 T mctl_self_refresh_entry
000013d0 T dram_power_save_process
000013e0 T mctl_self_refresh_exit
00001480 T dram_power_up_process
00001490 T boot_store_sp
000014a0 T boot_restore_sp
000014b0 T boot_set_sp
000014b8 T boot_halt
000014c0 t ccm_dram_gating_reserved
000014c4 T _standby_end
40900000 D uboot_spare_head
40900500 T __int_vector_start
40900500 T _start
40900520 t _undefined_instruction
40900524 t _software_interrupt
40900528 t _prefetch_abort
4090052c t _data_abort
40900530 t _not_used
40900534 t _irq
40900538 t _fiq
4090053c t _pad
40900540 T _TEXT_BASE
40900540 T _end_vect
40900544 T _bss_start_ofs
40900548 T _image_copy_end_ofs
4090054c T _bss_end_ofs
40900550 T _end_ofs
40900554 T __int_vector_start__
40900558 T __int_vector_end__
4090055c T _standby_start__
40900560 T _standby_end__
40900564 T _standby_start_lma__
40900568 T IRQ_STACK_START
4090056c T FIQ_STACK_START
40900570 T IRQ_STACK_START_IN
40900574 t reset
40900578 t here
40900598 t call_board_init_f
409005a8 T relocate_code
409005b4 t stack_setup
40900608 t copy_loop
40900638 t fixloop
4090065c t fixabs
40900670 t fixrel
40900678 t fixnext
4090068c t _rel_dyn_start_ofs
40900690 t _rel_dyn_end_ofs
40900694 t _dynsym_start_ofs
40900698 t clear_bss
409006b0 t clbss_l
409006d8 t copy_int_loop
409006e8 t boot_standby_relocate
40900704 t copy_standby_loop
40900714 t jump_2_ram
4090073c t _board_init_r_ofs
40900740 t cpu_init_crit
40900780 t undefined_instruction
409007e0 t software_interrupt
40900840 t prefetch_abort
409008a0 t data_abort
40900900 t not_used
40900960 t irq
409009a0 t fiq
40900a00 T __int_vector_end
40900a00 t v7_maint_dcache_all
40900ae8 t v7_dcache_maint_range
40900bb0 T invalidate_dcache_all
40900bc4 T flush_dcache_all
40900bd8 T flush_icache_all
40900be4 T invalidate_dcache_range
40900c08 T flush_dcache_range
40900c2c T arm_init_before_mmu
40900c54 T flush_cache
40900c5c T invalidate_icache_all
40900c74 T __v7_outer_cache_enable
40900c78 T __v7_outer_cache_disable
40900c78 W v7_outer_cache_disable
40900c7c T __v7_outer_cache_flush_all
40900c7c W v7_outer_cache_flush_all
40900c80 T __v7_outer_cache_inval_all
40900c84 T __v7_outer_cache_flush_range
40900c88 T __v7_outer_cache_inval_range
40900c88 W v7_outer_cache_inval_range
40900c8c T save_boot_params_default
40900c8c W save_boot_params
40900c90 T cleanup_before_linux
40900cb0 T __cpu0_set_detected_paras
40900cb4 T arch_cpu_init
40900cc8 T sdelay
40900cd4 T sr32
40900cf8 T wait_on_value
40900d2c t gic_cpuif_init
40900d94 t gic_distributor_init
40900e84 t default_isr
40900e9c T irq_enable
40900f14 T irq_disable
40900f8c T irq_install_handler
40900fd4 T irq_free_handler
4090100c T do_irq
409010f8 T arch_interrupt_init
40901134 T arch_interrupt_exit
40901148 T sunxi_clock_get_corepll
40901190 T sunxi_clock_get_axi
409011f0 T sunxi_clock_get_apb2
409011f8 T sunxi_clock_set_corepll
409012c4 T sunxi_clock_get_pll6
409012f4 T sunxi_clock_get_ahb
40901348 T sunxi_clock_get_apb1
40901370 t timerX_callback_default
40901380 T timer1_func
409013e0 T timer0_func
40901440 T timer_init
40901478 T timer_exit
409014c0 T watchdog_disable
409014d4 T watchdog_enable
409014ec T get_timer
40901508 T runtime_tick
40901518 T get_timer_masked
40901528 T __usdelay
40901550 T __msdelay
40901570 T get_ticks
4090158c T get_tbclk
40901594 T init_timer
40901598 T add_timer
409016b4 T del_timer
40901730 T stick_printf
40901754 T tick0_printf
409017a8 T print_boot_type
40901824 T get_base
40901830 T s_init
40901834 T reset_cpu
40901840 T v7_outer_cache_enable
40901844 T v7_outer_cache_inval_all
40901848 T v7_outer_cache_flush_range
4090184c T enable_caches
4090185c T disable_caches
4090186c T display_inner
4090188c T script_init
409018d0 T power_source_init
40901998 T sunxi_key_init
409019c8 T sunxi_key_exit
409019e8 T sunxi_key_read
40901a40 T do_key_test
40901a88 T USBC_GetVbusStatus
40901ab8 T USBC_OTG_SelectMode
40901abc T USBC_ReadLenFromFifo
40901ae8 T USBC_WritePacket
40901b54 T USBC_ReadPacket
40901bc0 T USBC_ConfigFIFO_Base
40901bfc T USBC_GetPortFifoStartAddr
40901c2c T USBC_GetPortFifoSize
40901c50 T USBC_SelectFIFO
40901c60 T __USBC_ConfigFifo_TxEp
40901cb0 T __USBC_ConfigFifo_RxEp_Default
40901cc0 T __USBC_ConfigFifo_RxEp
40901d10 T USBC_ConfigFifo_Default
40901d48 T USBC_ConfigFifo
40901d84 T USBC_GetLastFrameNumber
40901d94 T USBC_GetStatus_Dp
40901da8 T USBC_GetStatus_Dm
40901dbc T USBC_GetStatus_DpDm
40901ddc T USBC_GetOtgMode_Form_ID
40901df4 T USBC_GetOtgMode_Form_BDevice
40901e0c T USBC_SelectBus
40901e50 T USBC_INT_EpPending
40901e8c T USBC_INT_ClearEpPending
40901ee0 T USBC_INT_ClearEpPendingAll
40901f18 T USBC_INT_MiscPending
40901f28 T USBC_INT_ClearMiscPending
40901f3c T USBC_INT_ClearMiscPendingAll
40901f50 T USBC_INT_EnableEp
40901fa4 T USBC_INT_EnableUsbMiscUint
40901fc0 T USBC_INT_DisableEp
4090200c T USBC_INT_DisableUsbMiscUint
40902024 T USBC_INT_DisableEpAll
40902054 T USBC_INT_DisableUsbMiscAll
40902068 T USBC_GetActiveEp
40902078 T USBC_SelectActiveEp
40902088 T USBC_EnhanceSignal
4090208c T USBC_EnterMode_TestPacket
409020a4 T USBC_EnterMode_Test_K
409020bc T USBC_EnterMode_Test_J
409020d4 T USBC_EnterMode_Test_SE0_NAK
409020ec T USBC_EnterMode_Idle
40902138 T USBC_SetWakeUp_Default
4090213c T USBC_EnableIdPullUp
40902154 T USBC_DisableIdPullUp
4090216c T USBC_EnableDpDmPullUp
40902184 T USBC_DisableDpDmPullUp
4090219c T USBC_ForceId
409021d4 T USBC_ForceVbusValid
4090221c T USBC_A_valid_InputSelect
40902220 T USBC_EnableUsbLineStateBypass
40902224 T USBC_DisableUsbLineStateBypass
40902228 T USBC_EnableHosc
40902240 T USBC_DisableHosc
40902254 T USBC_IsVbusChange
40902270 T USBC_IsIdChange
4090228c T USBC_IsDpDmChange
409022a8 T USBC_DisableWakeIrq
409022bc T USBC_DisableVbusChange
409022d0 T USBC_DisableIdChange
409022e4 T USBC_DisableDpDmChange
409022f8 T USBC_EnableWakeIrq
40902310 T USBC_EnableVbusChange
40902328 T USBC_EnableIdChange
40902340 T USBC_EnableDpDmChange
40902358 T USBC_TestMode_ReadReg
40902394 T USBC_PrintAllReg
409026f0 T USBC_open_otg
40902734 T USBC_close_otg
4090275c T USBC_init
40902764 T USBC_exit
409027ac T USBC_Dev_SetAddress_default
409027c0 T USBC_Dev_SetAddress
409027d0 T USBC_Dev_QueryTransferMode
409027f0 T USBC_Dev_ConfigTransferMode
40902860 T USBC_Dev_ConectSwitch
40902884 T USBC_Dev_QueryPowerStatus
40902898 T USBC_Dev_ConfigEp
409029a4 T USBC_Dev_ConfigEp_Default
40902a0c T USBC_Dev_ConfigEpDma
40902a74 T USBC_Dev_ClearEpDma
40902ae4 T USBC_Dev_IsEpStall
40902b2c T USBC_Dev_EpSendStall
40902b94 T USBC_Dev_EpClearStall
40902c2c T USBC_Dev_Ctrl_IsSetupEnd
40902c40 T USBC_Dev_Ctrl_ClearSetupEnd
40902c58 T USBC_Dev_WriteDataStatus
40902ce4 T USBC_Dev_ReadDataStatus
40902d64 T USBC_Dev_IsReadDataReady
40902da4 T USBC_Dev_IsWriteDataReady
40902de0 T USBC_Host_SetFunctionAddress_Deafult
40902e3c T USBC_Host_SetFunctionAddress
40902ec4 T USBC_Host_SetHubAddress_Deafult
40902ef4 T USBC_Host_SetHubAddress
40902f3c T USBC_Host_SetHPortAddress_Deafult
40902f6c T USBC_Host_SetHPortAddress
40902f94 T USBC_Host_QueryTransferMode
40902fb4 T USBC_Host_ConfigTransferMode
40902fe8 T USBC_Host_ResetPort
40903000 T USBC_Host_ClearResetPortFlag
40903018 T USBC_Host_RusumePort
40903030 T USBC_Host_ClearRusumePortFlag
40903048 T USBC_Host_SuspendPort
40903060 T USBC_Host_QueryPowerStatus
40903070 T USBC_Host_StartSession
40903088 T USBC_Host_EndSession
409030a0 T USBC_Host_PeripheralType
409030c0 T USBC_Host_FlushFifo
40903108 T USBC_Host_ConfigEp_Default
4090318c T USBC_Host_ConfigEp
409032e8 T USBC_Host_ConfigEpDma
4090332c T USBC_Host_ClearEpDma
4090337c T USBC_Host_IsEpNakTimeOut
409033c0 T USBC_Host_ClearEpNakTimeOut
40903410 T USBC_Host_IsEpError
40903464 T USBC_Host_ClearEpError
409034c4 T USBC_Host_IsEpStall
40903510 T USBC_Host_ClearEpStall
40903570 T USBC_Host_ClearEpCSR
409035ac T USBC_Host_IsReadDataReady
409035ec T USBC_Host_IsWriteDataReady
40903634 T USBC_Host_ReadDataStatus
409036d0 T USBC_Host_WriteDataStatus
40903754 T USBC_Host_IsReqPktSet
40903794 T USBC_Host_StartInToken
409037d8 T USBC_Host_StopInToken
40903824 T USBC_Host_ConfigRqPktCount
40903838 T USBC_Host_ClearRqPktCount
4090384c T USBC_Host_EnablePing
40903868 T USBC_Host_DisablePing
40903880 T USBC_Host_SendCtrlStatus
409038a4 T USBC_Host_SendSetupPkt
409038bc t usb_phy0_write.constprop.0
409038f0 T USBC_PHY_SetCommonConfig
409038f4 T USBC_PHY_SetPrivateConfig
409038f8 T USBC_PHY_GetCommonConfig
40903900 T USBC_phy_Standby
40903954 T USBC_Phy_Standby_Recover
40903958 T usb_open_clock
409039ac T usb_close_clock
40903a00 T usb_probe_vbus_type
40903a64 T USBC_Dma_Set_ChannalPara
40903aa8 T USBC_Dma_Set_PktLen
40903ae8 T USBC_Dma_Start
40903b68 T USBC_Dma_Int_Stop
40903b9c T USBC_Dma_Int_Query
40903bb8 T USBC_Dma_Int_Clear
40903bdc t _TEXT_BASE
40903be0 T lowlevel_init
40903bfc t SRAM_STACK
40903c00 t display_banner
40903c20 t init_func_pmubus
40903c54 t init_baudrate
40903ca4 T __coloured_LED_init
40903ca4 W coloured_LED_init
40903ca8 T __red_LED_on
40903ca8 W red_LED_on
40903cac T __red_LED_off
40903cac W red_LED_off
40903cb0 T __green_LED_on
40903cb0 W green_LED_on
40903cb4 T __green_LED_off
40903cb4 W green_LED_off
40903cb8 T __yellow_LED_on
40903cb8 W yellow_LED_on
40903cbc T __yellow_LED_off
40903cbc W yellow_LED_off
40903cc0 T __blue_LED_on
40903cc0 W blue_LED_on
40903cc4 T __blue_LED_off
40903cc4 W blue_LED_off
40903cc8 T __dram_init_banksize
40903ce4 T __sunxi_probe_securemode
40903ce4 W sunxi_probe_securemode
40903cec T __smc_init
40903cf4 T board_init_f
40903e2c T board_init_r
40903f58 T hang
40903f6c t setup_start_tag
40903fa4 t setup_memory_tags
40903ffc t announce_and_cleanup
40904030 t setup_initrd_tag.isra.0
40904068 t setup_commandline_tag.isra.2
409040dc T arch_lmb_reserve
40904100 T do_bootm_linux
409041e0 T do_boota_linux
409044c0 T __flush_cache
409044c4 T __flush_dcache_all
409044d0 T __enable_caches
409044dc t cp_delay
4090450c t cache_disable
4090454c t cache_enable
4090465c T __arm_init_before_mmu
40904660 T icache_enable
40904668 T icache_disable
40904670 T icache_status
4090467c T dcache_enable
40904684 T dcache_disable
4090468c T dcache_status
40904698 T interrupt_init
409046d8 T interrupt_exit
409046dc T enable_interrupts
409046ec T disable_interrupts
40904708 T bad_mode
40904718 T show_regs
40904858 T do_undefined_instruction
40904878 T do_software_interrupt
40904898 T do_prefetch_abort
409048b8 T do_data_abort
409048d8 T do_not_used
409048f8 T do_fiq
40904918 T do_reset
40904940 W do_go_exec
40904958 T do_go
409049cc T __do_sunxi_boot_signature
409049d4 T memcpy2
40904a28 T do_boota
40904b08 t __fswab32
40904b10 T do_bootd
40904b34 t do_bootm_rtems
40904b70 t do_bootm_qnxelf
40904bd4 t do_bootm_vxworks
40904c34 t do_bootm_netbsd
40904d74 t image_get_size
40904d7c t bootm_load_os.isra.12
40904ed8 t bootm_start.isra.10
4090525c T __arch_preboot_os
4090525c W arch_preboot_os
40905260 T do_bootm_subcommand
409054a4 T do_bootm
40905738 T bootm_maybe_autostart
409057ac T do_burn_test
409058b4 t load_elf_image_shdr
40905944 W do_bootelf_exec
40905988 T valid_elf_image
409059d4 T do_bootvx
40905c20 T do_bootelf
40905d98 T do_exit
40905dc8 T do_fat_fsinfo
40905ea0 T do_fat_ls
40905fa8 T do_fat_fsdown
40906118 T do_fat_fsload
40906284 T fat_fsload_file
4090632c T do_efex
40906348 T do_help
4090638c T do_sysconfig
409064cc T do_delay_test
4090651c T do_memcpy_test
40906550 T do_efex_test
4090658c T do_mass_test
409065c8 T do_fastboot_test
40906604 T do_sprite_test
409066e8 t timer1_test_func
40906718 t timer0_test_func
40906748 T do_power_probe
409067ac T do_timer_test1
4090682c T do_timer_test
409068ac T do_mem_base
409068ec T do_mem_mtest
40906a8c T do_mem_loop
40906b80 T do_mem_md
40906c54 T do_mem_crc
40906cfc T do_mem_cp
40906ddc T do_mem_cmp
40906f68 T do_mem_mw
40907024 t mod_mem.part.4
40907160 T do_mem_nm
40907178 T do_mem_mm
40907190 T do_mmcops
40907580 T do_mmcinfo
409076e8 t judge_num
4090775c t deal_with_data
40907ab4 T do_modify_cfg
40907bd0 T do_savecfg
40907c74 t do_env
40907cd4 t do_env_delete
40907cec t do_env_import
40907f38 t do_env_default
40907f80 T do_env_save
40907fac t env_print
40908044 T do_env_print
409080c4 T get_env_id
409080d4 T _do_env_set
4090846c T do_env_set
40908488 T setenv
409084d4 t do_env_export
409086e4 T envmatch
40908748 T getenv_f
40908800 T getenv
4090886c T do_onekey_sprite_recovery
40908894 t do_recovery
40908974 T do_shutdown
40908978 T do_standby
409089e8 t do_sunxi_bmp_info
40908b48 T sunxi_bmp_decode
40908cf4 t do_sunxi_bmp_display
40908eb0 T sunxi_bmp_display
40908fac T do_sunxi_logo
40908fb8 T do_sunxi_flash
40909204 T memtester_pagesize
4090921c T usage
4090922c t do_memtester
40909538 T probe_high_level_power_mod
40909574 T rsa_init
409095f4 T rsa_dump
40909678 T rsa_encrypt
409096b8 T rsa_decrypt
409096fc T prepareCryptTable
40909700 T HashString
40909724 t __signature_add_for_boot_format
40909804 t __signature_add_for_ext4_format
40909900 t __signature_verify_for_boot_format
40909a18 t __signature_verify_for_ext4_format
40909b4c T HashString_init
40909b60 T signature_erase_all
40909c6c T sunxi_oem_op_lock
4090a008 T do_sunxi_boot_signature
4090a1ec T save_user_private_data
4090a420 T do_save_user_data
4090a454 T check_user_data
4090a600 T update_user_data
4090a74c T do_false
4090a754 T do_true
4090a75c T do_test
4090abc8 T do_version
4090ac00 T find_cmd_tbl
4090ac9c T find_cmd
4090acc4 T cmd_usage
4090ad20 T _do_help
4090aea4 T var_complete
4090af2c T cmd_auto_complete
4090b3a8 T cmd_get_data_size
4090b3f8 t console_setfile
4090b49c T serial_printf
4090b4dc T fgetc
4090b508 T ftstc
4090b534 T fputc
4090b55c T fputs
4090b584 T fprintf
4090b5cc T getc
4090b5e4 T tstc
4090b5fc T putc
4090b618 T puts
4090b634 T printf
4090b674 T tick_printf
4090b6e4 T vprintf
4090b718 T ctrlc
4090b764 T disable_ctrlc
4090b77c T had_ctrlc
4090b78c T clear_ctrlc
4090b7a0 T dbg
4090b7ac T search_device
4090b7d4 T console_assign
4090b814 T console_init_f
4090b824 T stdio_print_current_devices
4090b8d8 T console_init_r
4090b9b8 T sbrk
4090ba14 T mem_malloc_init
4090ba38 T malloc_trim
4090bb08 T free
4090bd28 T cfree
4090bd2c T malloc
4090c2f8 T calloc
4090c3cc T memalign
4090c4d4 T pvalloc
4090c4ec T valloc
4090c4f8 T realloc
4090c900 T malloc_usable_size
4090c93c T mallopt
4090c9b0 T env_get_addr
4090c9d4 T env_get_char_memory
4090c9e4 T env_get_char
4090ca18 T set_default_env
4090cab8 T env_import
4090cb84 T env_relocate
4090cbb4 T env_complete
4090cc98 t flash_env_relocate_spec
4090cda4 t flash_saveenv
4090ce8c T env_get_char_spec
4090ce98 T env_init
4090ceb4 T saveenv
4090ced8 T env_relocate_spec
4090cf00 t dummy
4090cf04 T get_version
4090cf0c T jumptable_init
4090d2dc t b_reset
4090d2f8 t static_get
4090d314 t static_peek
4090d320 t file_peek
4090d32c t syntax_err
4090d338 T do_showvar
4090d428 t free_pipe_list
4090d508 t b_addchr
4090d580 t b_addqchr
4090d5cc t is_assignment.part.0
4090d5fc t xmalloc
4090d61c t file_get
4090d7d4 t xrealloc
4090d7f4 t done_command
4090d87c T simple_itoa
4090d8c0 T get_local_var
4090d950 t insert_var_value
4090da84 T set_local_var
4090dc40 T unset_local_var
4090dce0 T new_pipe
4090dd08 t done_pipe
4090dd50 T reserved_word
4090dea8 t done_word
4090e014 T mapset
4090e038 T update_ifs_map
4090e0a8 T parse_string_outer
4090e198 t run_list_real
4090e9b4 t parse_stream_outer
4090ef94 T parse_file_outer
4090efd8 T u_boot_hush_start
4090f02c t __fswab32
4090f034 t image_check_magic
4090f058 t image_get_data_size
4090f060 T image_check_hcrc
4090f0b0 T image_check_dcrc
4090f0ec T image_multi_count
4090f110 T image_multi_getimg
4090f194 T getenv_yesno
4090f1bc T getenv_bootm_low
4090f1ec T getenv_bootm_size
4090f248 T getenv_bootm_mapsize
4090f278 T memmove_wd
4090f284 T genimg_print_size
4090f2b4 T get_table_entry_name
4090f2e0 T genimg_get_os_name
4090f2f8 T genimg_get_arch_name
4090f310 T genimg_get_type_name
4090f328 T genimg_get_comp_name
4090f340 T image_print_contents
4090f4b8 T get_table_entry_id
4090f504 T genimg_get_os_id
4090f51c T genimg_get_arch_id
4090f534 T genimg_get_type_id
4090f54c T genimg_get_comp_id
4090f564 T genimg_get_format
4090f578 T genimg_get_image
4090f57c T genimg_has_config
4090f584 T boot_get_ramdisk
4090f7b4 T boot_ramdisk_high
4090f8d4 T boot_get_cmdline
4090f954 t delete_char.part.0
4090fa28 t cread_add_char
4090fb14 T __show_boot_progress
4090fb14 W show_boot_progress
4090fb18 T main_loop
4090fc14 T readline_into_buffer
4091053c T readline
40910558 T parse_line
409105e4 T run_command
40910990 T do_run
40910a04 T get_ram_size
40910b0c t hex1_bin
40910b44 t hex2_bin
40910b78 T srec_decode
40910dd8 T stdio_get_list
40910de4 T stdio_get_by_name
40910e38 T stdio_clone
40910e80 T stdio_register
40910ec4 T stdio_init
40910f4c T mem_noncache_malloc_init
40910f78 T malloc_noncache
40910ff4 T free_noncache
40911034 T CYGACC_COMM_IF_GETC_TIMEOUT
40911080 t xyzModem_flush
409110a8 t xyzModem_get_hdr
40911318 T CYGACC_COMM_IF_PUTC
40911320 T parse_num
4091143c T xyzModem_stream_open
40911588 T xyzModem_stream_read
409117d8 T xyzModem_stream_close
40911828 T xyzModem_stream_terminate
409118bc T xyzModem_error
409118dc T get_dev
4091193c T dev_print
40911b30 T init_part
40911b4c T get_partition_info
40911b74 T print_part
40911c5c t le32_to_int
40911c80 t is_extended
40911ca4 t get_partition_info_extended
40911edc t print_partition_extended
409120e0 T test_part_dos
40912148 T print_part_dos
40912174 T get_partition_info_dos
40912190 t sunxi_dma_int_func
4091222c T sunxi_dma_init
409122d4 T __sunxi_disable_dma_clock
409122d4 W sunxi_disable_dma_clock
409122d8 T sunxi_dma_request
4091232c T sunxi_dma_setting
40912384 T sunxi_dma_start
409123bc T sunxi_dma_stop
409123d8 T sunxi_dma_querystatus
40912400 T sunxi_dma_install_int
40912478 T sunxi_dma_enable_int
40912530 T sunxi_dma_disable_int
409125dc T sunxi_dma_free_int
40912634 T sunxi_dma_release
40912670 T sunxi_dma_exit
409126f8 t i2c_sendstart
40912768 t i2c_sendslaveaddr
409127ec t i2c_sendbyteaddr
40912850 t i2c_stop
409128d0 T i2c_init
40912a20 T i2c_exit
40912a38 T i2c_read
40912c48 T i2c_write
40912d34 t __fswab32
40912d3c T __board_mmc_getcd
40912d3c W board_mmc_getcd
40912d44 T mmc_send_cmd
40912d54 T mmc_send_status
40912e28 T mmc_set_blocklen
40912e74 T mmc_send_manual_stop
40912ec8 T find_mmc_device
40912f0c t mmc_bwrite
409130dc t mmc_berase
4091317c T mmc_read_blocks
4091326c t mmc_bread
40913344 t sunxi_read_tuning.part.4.constprop.7
409133fc T mmc_go_idle
40913460 T sd_send_op_cond
409135dc T mmc_send_op_cond
4091375c T mmc_send_ext_csd
409137c8 T mmc_switch
40913834 T mmc_change_freq
40913940 T mmc_switch_boot_bus_cond
40913a18 T mmc_switch_boot_part
40913ae0 T mmc_switch_part
40913b98 t mmc_bwrite_mass_pro
40913d64 t mmc_bread_mass_pro
40913e14 T sd_switch
40913e84 T sd_change_freq
40914088 T mmc_set_ios
40914098 T mmc_set_clock
409140c4 t sunxi_get_sdly_win.constprop.8
409142ec T mmc_set_bus_width
40914300 T mmc_startup
40914d70 T mmc_send_if_cond
40914e00 T mmc_register
40914e9c T mmc_unregister
40914ea4 T mmc_get_dev
40914eb8 T sunxi_need_rty
40914f14 T mmc_write_info
40914fb0 T mmc_init
4091585c W cpu_mmc_init
4091585c t __def_mmc_init
40915864 T print_mmc_devices
409158c8 T get_mmc_num
409158cc T mmc_initialize
409158f8 T mmc_exit
409159fc T sunxi_detail_errno
40915a10 t mmc_clk_io_onoff
40915fb4 T sunxi_decide_rty
409160dc t mmc_core_init
4091612c t mmc_update_clk
409161a8 t mmc_set_ios
4091635c T sunxi_update_sdly
409163ec T mmc_dump_errinfo
40916500 t mmc_send_cmd
40916cec T sunxi_mmc_init
40916fe4 T sunxi_mmc_exit
40917004 T axp_probe
40917074 T axp_reinit
409170ac T axp_get_power_vol_level
409170b4 T axp_probe_startup_cause
40917194 T axp_set_hardware_poweron_vol
409171f0 T axp_set_hardware_poweroff_vol
4091724c T axp_set_power_off
40917268 T axp_probe_factory_mode
40917314 T axp_set_next_poweron_status
40917330 T axp_probe_pre_sys_mode
4091734c T axp_power_get_dcin_battery_exist
40917388 T axp_probe_power_source
409173c0 T axp_probe_battery_vol
409173dc T axp_probe_rest_battery_capacity
409173f8 T axp_probe_key
40917414 T axp_probe_charge_current
40917430 T axp_set_charge_current
4091744c T axp_set_charge_control
40917468 T axp_set_vbus_limit_dc
4091749c T axp_set_vbus_limit_pc
409174d0 T axp_set_all_limit
409175a0 T axp_set_suspend_chgcur
409175c0 T axp_set_runtime_chgcur
409175e0 T axp_set_charge_vol_limit
40917648 T axp_set_power_supply_output
40917728 T axp_slave_set_power_supply_output
40917864 T axp_probe_power_supply_condition
40917940 T axp_int_enable
4091797c T axp_int_disable
409179a0 T axp_int_query
409179bc T axp_set_supply_status
409179e4 T axp_set_supply_status_byname
40917a58 T axp_probe_supply_status
40917a80 T axp_probe_supply_status_byname
40917ae4 T axp_set_supply_status_byregulator
40917cf8 T axp_probe_supply_pmu_name
40917d5c T axp_probe_vbus_cur_limit
40917d78 T axp20_probe_battery_ratio
40917d80 t axp_i2c_write.constprop.2
40917dac T axp20_set_next_sys_mode
40917dc8 T axp20_set_int_enable
40917e04 t axp_i2c_read.constprop.3
40917e28 T axp20_set_coulombmeter_onoff
40917e78 T axp20_set_charge_control
40917edc T axp20_probe_key
40917f1c T axp20_set_power_off
40917f88 T axp20_set_charge_current
40917ff4 T axp20_set_vbus_cur_limit
40918060 T axp20_set_vbus_vol_limit
409180d8 T axp20_probe_int_pending
40918144 T axp20_probe_battery_exist
40918174 T axp20_probe_power_status
409181ac T axp20_probe_battery_vol
4091820c T axp20_probe_pre_sys_mode
4091822c T axp20_probe_this_poweron_cause
40918250 T axp20_probe_charge_current
40918280 T axp20_probe_vbus_cur_limit
40918310 T axp20_probe_int_enable
40918350 T axp20_probe
40918390 T axp20_config_charge_current
40918454 T axp20_set_power_on_vol
409184fc T axp20_set_power_off_vol
409185f4 T axp20_set_power_onoff_vol
4091862c t axp_i2c_write.constprop.16
40918658 t axp_i2c_read.constprop.17
4091867c t axp20_set_dcdc_output.isra.11
409188f8 T axp20_set_supply_status
4091894c T axp20_set_supply_status_byname
40918da8 T axp20_probe_supply_status
40918db0 T axp20_probe_supply_status_byname
40918db8 T axpnull_set_coulombmeter_onoff
40918dc0 T axpnull_set_charge_control
40918dc8 T axpnull_probe_battery_ratio
40918dd0 T axpnull_probe_power_status
40918dd8 T axpnull_probe_battery_exist
40918de0 T axpnull_probe_battery_vol
40918de8 T axpnull_probe_key
40918df0 T axpnull_probe_pre_sys_mode
40918df8 T axpnull_set_next_sys_mode
40918e00 T axpnull_probe_this_poweron_cause
40918e08 T axpnull_set_power_off
40918e10 T axpnull_set_power_onoff_vol
40918e18 T axpnull_set_charge_current
40918e20 T axpnull_probe_charge_current
40918e28 T axpnull_set_vbus_cur_limit
40918e30 T axpnull_set_vbus_vol_limit
40918e38 T axpnull_probe_int_pending
40918e40 T axpnull_probe_int_enable
40918e48 T axpnull_set_int_enable
40918e50 T axpnull_probe_vbus_cur_limit
40918e58 T axpnull_set_supply_status
40918e60 T axpnull_set_supply_status_byname
40918e68 T axpnull_probe_supply_status
40918e70 T axpnull_probe_supply_status_byname
40918e78 T sunxi_pwm_read_reg
40918e88 T sunxi_pwm_write_reg
40918e9c T sunxi_pwm_get_sys_config
40918f84 T sunxi_pwm_set_polarity
40918fd8 T sunxi_pwm_config
40919120 T sunxi_pwm_enable
40919190 T sunxi_pwm_disable
409191ec T sunxi_pwm_init
40919204 T NS16550_init
4091924c T NS16550_reinit
40919298 T NS16550_putc
409192ac T NS16550_getc
409192c0 T NS16550_tstc
409192cc t calc_divisor.isra.0
409192ec T serial_init
40919328 T _serial_putc
40919360 T _serial_putc_raw
4091937c T _serial_puts
409193a4 T _serial_getc
409193c0 T _serial_tstc
409193d4 T _serial_setbrg
409193fc T serial_putc
40919408 T serial_putc_raw
40919414 T serial_puts
40919420 T serial_getc
4091942c T serial_tstc
40919438 T serial_setbrg
40919444 T smc_init
4091944c T sunxi_smc_call
40919460 t sunxi_issue_smc
40919478 t sunxi_smc_irq_handle
409194a0 T ccm_module_disable_bak
409194c4 T ccm_module_enable_bak
409194e8 T ccm_clock_enable_bak
40919534 T ccm_clock_disable_bak
40919580 T ccm_module_reset_bak
409195a0 T ccm_get_pll_periph_clk
409195d4 T pattern_goto
409195d8 T spi_cfg_mclk
40919678 T spi_get_mlk
40919688 T spi_gpio_cfg
409196ac T spi_onoff
409196e0 T spic_set_clk
40919758 T spic_init
40919974 T spic_rw
40919b9c T spic_exit
40919be0 t spic_config_dual_mode.isra.0.constprop.8
40919bf4 t __spinor_rdsr
40919c2c t __spinor_wren
40919c60 t __spinor_erase_block
40919cdc t __spinor_erase_all
40919d90 t __spinor_wrsr.constprop.6
40919e10 t __spinor_pp.constprop.7
40919ec8 t __spinor_sector_write
40919f70 t __spinor_read_id
40919fa8 t __spinor_sector_read
4091a150 T spinor_init
4091a224 T spinor_exit
4091a28c T spinor_read
4091a318 T spinor_write
4091a40c T spinor_read_nocache
4091a41c T spinor_flush_cache
4091a47c T spinor_erase_all_blocks
4091a494 T spinor_erase_one_block
4091a4b8 T spinor_net_datafinish
4091a4cc T spinor_size
4091a4d4 T spinor_sprite_write
4091a510 T spinor_datafinish
4091a5b4 T spi_nor_rw_test
4091a820 T try_spi_nor
4091a890 T spinor_verify_img
4091a9b4 T spinor_datafinish_card
4091ac48 t descale_and_clamp.constprop.0
4091ac70 T tinyjpeg_idct_float
4091b258 T convert_one_image
4091b480 T jpegdec
4091b4c4 t clamp
4091b4e0 t YCrCB_to_RGB24_1x1
4091b61c t YCrCB_to_BGR24_1x1
4091b758 t YCrCB_to_RGB24_2x1
4091b8e4 t YCrCB_to_BGR24_2x1
4091ba70 t YCrCB_to_RGB24_1x2
4091bc38 t YCrCB_to_BGR24_1x2
4091be00 t YCrCB_to_RGB24_2x2
4091c024 t YCrCB_to_BGR24_2x2
4091c248 t YCrCB_to_Grey_2x2
4091c28c t YCrCB_to_Grey_2x1
4091c2d0 t YCrCB_to_Grey_1x2
4091c314 t YCrCB_to_Grey_1x1
4091c354 t YCrCB_to_YUV420P_2x2
4091c408 t YCrCB_to_YUV420P_2x1
4091c4bc t YCrCB_to_YUV420P_1x2
4091c594 t YCrCB_to_YUV420P_1x1
4091c66c t build_huffman_table
4091c7f8 t get_next_huffman_code
4091c978 T process_Huffman_data_unit
4091cbec t decode_MCU_2x2_1plane
4091cc84 t decode_MCU_2x1_1plane
4091cce4 t decode_MCU_1x2_1plane
4091cd44 t decode_MCU_1x1_1plane
4091cda8 t decode_MCU_2x2_3planes
4091ce64 t decode_MCU_2x1_3planes
4091cee8 t decode_MCU_1x2_3planes
4091cf6c t decode_MCU_1x1_3planes
4091cfd0 T tinyjpeg_init
4091cfdc T tinyjpeg_free
4091d018 T tinyjpeg_parse_header
4091d498 T tinyjpeg_decode
4091d9d8 T tinyjpeg_get_printfstring
4091d9e4 T tinyjpeg_get_size
4091d9f8 T tinyjpeg_get_components
4091da38 T tinyjpeg_set_components
4091da68 T tinyjpeg_set_flags
4091da78 T setjmp
4091da88 T longjmp
4091daa0 t sunxi_null_op
4091daa8 t sunxi_null_erase
4091dab0 t sunxi_null_size
4091dab8 t sunxi_null_init
4091dac0 t sunxi_null_exit
4091dac8 t sunxi_null_flush
4091dad0 t sunxi_null_force_erase
4091dad8 t sunxi_null_datafinish
4091dae0 t sunxi_flash_mmc_read
4091db10 t sunxi_flash_mmc_write
4091db40 t sunxi_flash_mmc_size
4091db54 t sunxi_flash_mmc_init
4091db5c t sunxi_flash_mmc_exit
4091db64 T sunxi_flash_mmc_phyread
4091db98 T sunxi_flash_mmc_phywrite
4091dbcc t sunxi_sprite_mmc_read
4091dbfc t sunxi_sprite_mmc_write
4091dc2c t sunxi_sprite_mmc_size
4091dc40 t sunxi_sprite_mmc_init
4091dc48 t sunxi_sprite_mmc_exit
4091dc50 T sunxi_sprite_mmc_phyread
4091dc84 T sunxi_sprite_mmc_phywrite
4091dcb8 T sunxi_sprite_mmc_force_erase
4091dcc0 t sunxi_sprite_mmc_erase
4091dcc4 t sunxi_flash_spinor_card_datafinish
4091dcc8 t sunxi_flash_spinor_datafinish
4091dccc t sunxi_flash_spinor_flush
4091dcd0 t sunxi_flash_spinor_size
4091dcd4 t sunxi_flash_spinor_erase
4091dcd8 t sunxi_sprite_spinor_write
4091dcdc t sunxi_flash_spinor_read
4091dce4 t sunxi_flash_spinor_exit
4091dce8 t sunxi_flash_spinor_init
4091dcec T sunxi_flash_mmc_secread
4091dd20 T sunxi_flash_mmc_secwrite
4091dd54 T sunxi_sprite_setdata_finish
4091dd6c T sunxi_sprite_setdata_card_finish
4091dd84 T sunxi_flash_read
4091dd9c T sunxi_flash_part_read
4091dde8 T sunxi_flash_write
4091de00 T sunxi_flash_part_write
4091de4c T sunxi_flash_size
4091de64 T sunxi_flash_exit
4091de7c T sunxi_flash_flush
4091de94 T sunxi_flash_phyread
4091deac T sunxi_flash_phywrite
4091dec4 T sunxi_sprite_init
4091dedc T sunxi_sprite_read
4091def4 T sunxi_sprite_write
4091df0c T sunxi_sprite_erase
4091df24 T sunxi_sprite_size
4091df3c T sunxi_sprite_exit
4091df54 T sunxi_sprite_flush
4091df6c T sunxi_sprite_phyread
4091df84 T sunxi_sprite_phywrite
4091df9c T sunxi_sprite_force_erase
4091dfb4 T sunxi_flash_get_dev
4091dfd4 T sunxi_flash_init_uboot
4091e028 T sunxi_flash_handle_init
4091e4d8 t drv_lcd_close_callback
4091e568 t drv_lcd_open_callback
4091e5f8 T drv_disp_check_spec
4091e6b4 T drv_disp_init
4091e788 T drv_disp_exit
4091e7d0 T sunxi_disp_get_source_ops
4091e880 T disp_ioctl
4091ee20 T drv_disp_standby
4091ef54 T disp_sys_cache_flush
4091ef58 T disp_sys_register_irq
4091ef70 T disp_sys_unregister_irq
4091ef74 T disp_sys_enable_irq
4091ef78 T disp_sys_disable_irq
4091ef7c T disp_sys_irqlock
4091ef80 T disp_sys_irqunlock
4091ef84 T disp_sys_lock
4091ef88 T disp_sys_unlock
4091ef8c T disp_sys_malloc
4091efb4 T disp_sys_free
4091efb8 T disp_sys_script_get_item
4091f044 T disp_sys_get_ic_ver
4091f04c T disp_sys_gpio_request
4091f0b4 T disp_sys_gpio_release
4091f0d0 T disp_sys_gpio_set_direction
4091f0d4 T disp_sys_gpio_get_value
4091f0d8 T disp_sys_gpio_set_value
4091f0dc T disp_sys_power_enable
4091f118 T disp_sys_power_disable
4091f144 T disp_sys_pwm_request
4091f14c T disp_sys_pwm_free
4091f154 T disp_sys_pwm_enable
4091f15c T disp_sys_pwm_disable
4091f170 T disp_sys_pwm_config
4091f178 T disp_sys_pwm_set_polarity
4091f180 T disp_sys_clk_set_rate
4091f434 T disp_sys_clk_init
4091f4c4 T disp_sys_clk_get_rate
4091f5ec T disp_sys_clk_set_parent
4091f5f4 T disp_sys_clk_enable
4091f9bc T disp_sys_clk_disable
4091fbe8 T bsp_disp_shadow_protect
4091fca0 T bsp_disp_exit
4091fca8 T bsp_disp_open
4091fcb0 T bsp_disp_close
4091fce0 T disp_device_attached
4091fde0 T disp_device_attached_and_enable
4091ff48 T disp_device_detach
4091ffdc T bsp_disp_device_switch
40920044 T disp_init_connections
40920160 T bsp_disp_init
409201e8 T bsp_disp_vsync_event_enable
40920200 T sync_event_proc
409202b0 T bsp_disp_get_output_type
409202f8 T bsp_disp_set_print_level
4092030c T bsp_disp_get_print_level
4092031c T bsp_disp_get_screen_physical_width
40920324 T bsp_disp_get_screen_physical_height
4092032c T bsp_disp_get_screen_width
40920334 T bsp_disp_get_screen_height
4092033c T bsp_disp_get_screen_width_from_output_type
409203dc T bsp_disp_get_screen_height_from_output_type
4092047c T bsp_disp_set_tv_func
40920504 T bsp_disp_set_hdmi_func
4092058c T bsp_disp_hdmi_check_support_mode
409205dc T bsp_disp_hdmi_get_hpd_status
4092062c T bsp_disp_tv_get_hpd_status
4092067c T bsp_disp_lcd_get_open_flow
409206ac T bsp_disp_lcd_get_close_flow
409206dc T bsp_disp_lcd_set_panel_funs
4092074c T LCD_OPEN_FUNC
40920780 T LCD_CLOSE_FUNC
409207b4 T bsp_disp_get_lcd_registered
409207c8 T bsp_disp_get_hdmi_registered
409207d8 T bsp_disp_lcd_backlight_enable
40920808 T bsp_disp_lcd_backlight_disable
40920838 T bsp_disp_lcd_pwm_enable
40920868 T bsp_disp_lcd_pwm_disable
40920898 T bsp_disp_lcd_power_enable
409208d0 T bsp_disp_lcd_power_disable
40920908 T bsp_disp_lcd_set_bright
40920940 T bsp_disp_lcd_get_bright
40920970 T bsp_disp_lcd_tcon_enable
409209a0 T bsp_disp_lcd_tcon_disable
409209d0 T bsp_disp_lcd_pin_cfg
40920a08 T bsp_disp_lcd_gpio_set_value
40920a48 T bsp_disp_lcd_gpio_set_direction
40920a88 T bsp_disp_get_panel_info
40920ad8 T bsp_disp_feat_get_num_screens
40920adc T bsp_disp_feat_get_num_channels
40920ae0 T bsp_disp_feat_get_num_layers
40920ae4 T bsp_disp_feat_get_num_layers_by_chn
40920ae8 T bsp_disp_feat_is_supported_output_types
40920aec T bsp_disp_feat_is_support_capture
40920af0 T disp_init_feat
40920af8 T disp_device_set_manager
40920b34 T disp_device_unset_manager
40920b70 T disp_device_get_resolution
40920ba8 T disp_device_get_timings
40920be8 T disp_device_is_interlace
40920c10 T disp_device_get
40920c5c T disp_device_find
40920c9c T disp_device_register
40920cc0 T disp_device_unregister
40920ce0 t disp_lcd_get_priv
40920d30 t disp_lcd_bright_curve_init
40920e50 t disp_lcd_get_close_flow
40920efc t disp_lcd_get_open_flow
40920fa0 t disp_lcd_is_used
40920fe0 t disp_lcd_init
40921d84 t disp_lcd_set_panel_funs
40921e68 t disp_lcd_power_enable
40921f28 t disp_lcd_backlight_enable
40922024 t disp_lcd_pin_cfg
409221b0 t disp_lcd_power_disable
40922288 t disp_lcd_backlight_disable
4092236c t disp_lcd_set_close_func
409223d4 t disp_lcd_set_open_func
40922438 T disp_lcd_is_enabled
40922470 T disp_lcd_get_bright
409224a8 t disp_lcd_bright_get_adjust_value
409224ec T disp_lcd_set_bright
4092271c t disp_lcd_exit
4092278c t disp_lcd_get_panel_info
409227e0 t disp_lcd_tcon_disable
40922820 t disp_lcd_tcon_enable
40922860 t disp_lcd_set_bright_dimming
409228c4 t disp_lcd_pwm_disable
40922924 t disp_lcd_pwm_enable
40922984 t disp_lcd_disable
40922a20 t disp_lcd_enable
40922abc T disp_lcd_gpio_set_value
40922b2c T disp_lcd_gpio_set_direction
40922b9c T disp_get_lcd
40922be0 t disp_lcd_event_proc
40922c54 t disp_lcd_pre_disable_ex
40922cac t disp_lcd_post_enable_ex
40922d10 T disp_lcd_gpio_init
40922e14 t disp_lcd_pre_enable_ex
40923094 T disp_lcd_gpio_exit
409231a4 t disp_lcd_post_disable_ex
40923294 T disp_lcd_gpio_get_value
409232fc T disp_init_lcd
409235c0 t disp_lyr_get_priv
409235e8 t disp_lyr_check
4092368c t disp_lyr_dump
409238e8 t disp_lyr_save_and_dirty_check
40923960 t disp_lyr_dirty_clear
409239a4 t disp_lyr_is_dirty
409239e0 t disp_lyr_apply
40923a14 t disp_mgr_get_priv
40923a4c t disp_mgr_sync
40923b60 t disp_mgr_shadow_protect
40923bb4 t disp_mgr_apply
40923d50 t disp_mgr_exit
40923dac t disp_mgr_dump
40923de0 t disp_mgr_is_enabled
40923e14 t disp_lyr_get_config
40923e84 t disp_lyr_force_apply
40923ef8 t disp_lyr_unset_manager
40923f6c t disp_lyr_set_manager
40923ff0 t disp_mgr_get_back_color
40924060 t disp_mgr_set_back_color
409240ec t disp_mgr_get_color_key
40924160 t disp_mgr_set_color_key
409241f0 t disp_mgr_update_regs
4092425c t disp_mgr_force_apply
40924344 t disp_mgr_disable
409243f8 t disp_mgr_enable
40924558 t disp_mgr_init
409245cc T disp_get_layer
4092468c t disp_mgr_get_layer_config
40924744 t disp_mgr_set_layer_config
40924840 T disp_get_layer_1
40924910 T disp_get_layer_manager
40924954 T disp_init_mgr
40924d7c T disp_delay_ms
40924d8c T disp_delay_us
40924d9c T dump_layer_config
40924ff8 t disp_smbl_get_priv
4092501c t disp_smbl_update_backlight
40925030 t disp_smbl_is_enabled
40925064 t disp_smbl_init
40925088 t disp_smbl_exit
409250ac t disp_smbl_get_window
40925108 t disp_smbl_unset_manager
40925160 t disp_smbl_set_manager
409251bc t disp_smbl_update_regs
40925220 t disp_smbl_sync
409252d4 T disp_get_smbl
40925318 T disp_smbl_shadow_protect
4092535c t disp_smbl_apply
40925434 t disp_smbl_set_window
409254a4 t disp_smbl_disable
40925504 t disp_smbl_enable
409255b0 T disp_smbl_force_update_regs
40925608 T disp_init_smbl
40925780 t disp_enhance_get_priv
409257a4 t disp_enhance_is_enabled
409257c4 t disp_enhance_shadow_protect
40925808 t disp_enhance_init
4092582c t disp_enhance_exit
40925850 t disp_enhance_unset_manager
40925898 t disp_enhance_set_manager
409258e8 t disp_enhance_update_regs
40925948 t disp_enhance_apply
40925a24 t disp_enhance_disable
40925a8c t disp_enhance_enable
40925b44 T disp_enhance_set_para
40925c64 t disp_enhance_sync
40925cb8 t disp_enhance_force_apply
40925d48 T disp_get_enhance
40925d8c T disp_init_enhance
40925ef4 t disp_capture_get_priv
40925f58 T disp_capture_commit
4092604c T disp_capture_sync
40926240 T disp_capture_start
40926314 T disp_capture_exit
40926370 T disp_capture_init
409263f4 T disp_capture_unset_manager
4092644c T disp_capture_set_manager
409264a8 T disp_capture_stop
40926534 T disp_get_capture
40926584 T disp_capture_shadow_protect
409265d8 T disp_capture_apply
409265e0 T disp_capture_force_apply
409265e8 T disp_capture_suspend
4092661c T disp_capture_resume
40926650 T disp_init_capture
409267c4 t disp_vdevice_event_proc
40926820 t disp_vdevice_get_priv
40926848 t disp_vdevice_tcon_disable
40926920 t disp_vdevice_tcon_enable
40926b44 t disp_vdevice_detect
40926b8c t disp_vdevice_resume
40926be8 t disp_vdevice_suspend
40926c44 t disp_vdevice_get_input_color_range
40926c78 t disp_vdevice_get_input_csc
40926cb8 t disp_vdevice_check_support_mode
40926d08 t disp_vdevice_get_mode
40926d3c t disp_vdevice_set_mode
40926d98 t disp_vdevice_is_enabled
40926dcc t disp_vdevice_exit
40926e28 t disp_vdevice_disable
40926eb8 t disp_vdevice_enable
40926f48 t disp_vdevice_init
40926fb0 T disp_vdevice_register
40927174 T disp_vdevice_unregister
409271c8 T disp_vdevice_get_source_ops
409271ec T lcd_init
4092722c T sunxi_lcd_delay_ms
40927254 T sunxi_lcd_delay_us
4092727c T sunxi_lcd_tcon_enable
4092729c T sunxi_lcd_tcon_disable
409272bc T sunxi_lcd_backlight_enable
409272dc T sunxi_lcd_backlight_disable
409272fc T sunxi_lcd_power_enable
4092731c T sunxi_lcd_power_disable
4092733c T sunxi_lcd_pwm_enable
40927364 T sunxi_lcd_pwm_disable
4092738c T sunxi_lcd_cpu_write
409273b4 T sunxi_lcd_cpu_write_index
409273dc T sunxi_lcd_cpu_write_data
40927404 T sunxi_lcd_dsi_dcs_write
4092742c T sunxi_lcd_dsi_dcs_write_0para
40927444 T sunxi_lcd_dsi_dcs_write_1para
40927464 T sunxi_lcd_dsi_dcs_write_2para
40927484 T sunxi_lcd_dsi_dcs_write_3para
409274ac T sunxi_lcd_dsi_dcs_write_4para
409274dc T sunxi_lcd_dsi_dcs_write_5para
40927514 T sunxi_lcd_dsi_gen_write
4092753c T sunxi_lcd_dsi_gen_write_0para
40927554 T sunxi_lcd_dsi_gen_write_1para
40927574 T sunxi_lcd_dsi_gen_write_2para
40927594 T sunxi_lcd_dsi_gen_write_3para
409275bc T sunxi_lcd_dsi_gen_write_4para
409275ec T sunxi_lcd_dsi_gen_write_5para
40927624 T sunxi_lcd_dsi_clk_enable
40927650 T sunxi_lcd_dsi_clk_disable
4092767c T sunxi_lcd_set_panel_funs
409276a4 T sunxi_lcd_pin_cfg
409276cc T sunxi_lcd_gpio_set_value
409276f4 T sunxi_lcd_gpio_set_direction
4092771c t LCD_panel_init
40927720 t LCD_panel_exit
40927724 t LCD_user_defined_func
4092772c t LCD_close_flow
40927788 t LCD_power_off
409277a8 t LCD_bl_close
409277c0 t LCD_open_flow
4092781c t LCD_bl_open
40927834 t LCD_power_on
40927854 t LCD_cfg_panel_info
409279e8 t LCD_user_defined_func
409279f0 t LCD_set_bright
40927a08 t LCD_close_flow
40927a64 t LCD_power_off
40927adc t LCD_panel_exit
40927b0c t LCD_bl_close
40927b10 t LCD_open_flow
40927b80 t LCD_bl_open
40927b84 t LCD_panel_init2
40927c48 t LCD_panel_init
40927d80 t LCD_power_on
40927e00 t LCD_cfg_panel_info
40927ee8 t LCD_user_defined_func
40927ef0 t LCD_close_flow
40927f4c t LCD_power_off
40927f7c t LCD_panel_exit
40927fa8 t LCD_bl_close
40927fc0 t LCD_open_flow
4092801c t LCD_bl_open
40928034 t t27p06_spi_wr
40928114 t LCD_panel_init
4092831c t LCD_power_on
4092834c t LCD_cfg_panel_info
40928434 t LCD_panel_init
40928438 t LCD_panel_exit
4092843c t LCD_user_defined_func
40928444 t LCD_close_flow
409284a0 t LCD_power_off
409284d0 t LCD_bl_close
409284e8 t LCD_open_flow
40928544 t LCD_bl_open
4092855c t LCD_power_on
4092858c t LCD_cfg_panel_info
40928674 T de_fcc_set_reg_base
40928690 T de_fcc_init
40928730 T de_fcc_update_regs
409287ac T de_fcc_enable
409287e0 T de_fcc_set_size
40928850 T de_fcc_set_window
40928900 T de_fcc_set_para
40928958 T de_fcc_csc_set
409289e8 T de_fcc_info2para
40928a9c T de_gsu_init
40928be8 T de_gsu_update_regs
40928cb0 T de_gsu_set_reg_base
40928ccc T de_gsu_enable
40928d04 T de_gsu_set_para
40928e50 T de_gsu_calc_scaler_para
40928fc0 T de_calc_ovl_coord
40928fe4 T de_gsu_sel_ovl_scaler_para
40929110 T de_al_lyr_apply
4092a0cc T de_al_mgr_apply
4092a180 T de_al_mgr_sync
4092a184 T de_al_mgr_update_regs
4092a1d0 T de_al_query_irq
4092a1d4 T de_al_init
4092a224 T disp_al_layer_apply
4092a228 T disp_al_manager_init
4092a230 T disp_al_manager_exit
4092a238 T disp_al_manager_apply
4092a23c T disp_al_manager_sync
4092a240 T disp_al_manager_update_regs
4092a244 T disp_al_manager_query_irq
4092a248 T disp_al_enhance_apply
4092a24c T disp_al_enhance_update_regs
4092a250 T disp_al_enhance_sync
4092a254 T disp_al_capture_init
4092a25c T disp_al_capture_exit
4092a264 T disp_al_capture_sync
4092a29c T disp_al_capture_apply
4092a2b8 T disp_al_capture_get_status
4092a2bc T disp_al_smbl_apply
4092a2d8 T disp_al_smbl_update_regs
4092a2f4 T disp_al_smbl_sync
4092a310 T disp_al_smbl_get_status
4092a32c T disp_al_lcd_get_clk_info
4092a3c0 T disp_al_vdevice_cfg
4092a4d8 T disp_al_vdevice_enable
4092a51c T disp_al_vdevice_disable
4092a538 T disp_al_device_get_cur_line
4092a554 T disp_al_device_get_start_delay
4092a570 T disp_al_device_query_irq
4092a590 T disp_al_lcd_cfg
4092a5f8 T disp_al_lcd_enable
4092a628 T disp_al_lcd_disable
4092a650 T disp_al_lcd_query_irq
4092a668 T disp_al_lcd_tri_busy
4092a67c T disp_al_lcd_tri_start
4092a680 T disp_al_lcd_io_cfg
4092a688 T disp_al_lcd_get_cur_line
4092a6a4 T disp_al_lcd_get_start_delay
4092a6c0 T disp_al_hdmi_enable
4092a6d0 T disp_al_hdmi_disable
4092a6ec T disp_al_hdmi_cfg
4092a710 T disp_init_al
4092a764 T de_peak_set_reg_base
4092a780 T de_peak_update_regs
4092a7c4 T de_peak_init
4092a844 T de_peak_enable
4092a878 T de_peak_set_size
4092a8c4 T de_peak_set_window
4092a974 T de_peak_set_para
4092aa08 T de_peak_info2para
4092aa5c T de_rtmx_update_regs
4092acec T de_rtmx_set_gld_reg_base
4092ad08 T de_rtmx_set_bld_reg_base
4092ad24 T de_rtmx_set_overlay_reg_base
4092ad74 T de_rtmx_init
4092b0c8 T de_rtmx_set_display_size
4092b12c T de_rtmx_set_dbuff_rdy
4092b158 T de_rtmx_set_enable
4092b19c T de_rtmx_query_irq
4092b1bc T de_rtmx_set_lay_cfg
4092b484 T de_rtmx_set_lay_haddr
4092b5d0 T de_rtmx_set_lay_laddr
4092b844 T de_rtmx_get_3d_in_single_size
4092b8c0 T de_rtmx_get_3d_in
4092bcf4 T de_rtmx_get_li_addr_offset
4092bd04 T de_rtmx_get_3d_out
4092bd78 T de_rtmx_set_lay_fcolor
4092be6c T de_rtmx_set_overlay_size
4092bf60 T de_rtmx_set_coarse_fac
4092c1c8 T de_rtmx_set_pf_en
4092c23c T de_rtmx_set_pipe_cfg
4092c2e4 T de_rtmx_set_route
4092c328 T de_rtmx_set_premul
4092c364 T de_rtmx_set_background_color
4092c394 T de_rtmx_set_blend_size
4092c3f8 T de_rtmx_set_blend_mode
4092c4e8 T de_rtmx_set_outitl
4092c520 T de_rtmx_set_colorkey
4092c594 T de_rtmx_extend_rect
4092c648 T de_rtmx_calc_chnrect
4092c838 T de_rtmx_trimcoord
4092c99c T de_rtmx_get_premul_ctl
4092ca04 t de_vsu_calc_fir_coef
4092ca54 T de_vsu_update_regs
4092cc60 T de_vsu_init
4092cef4 T de_vsu_set_reg_base
4092cf10 T de_vsu_enable
4092cf44 T de_vsu_set_para
4092d21c T de_vsu_calc_scaler_para
4092d580 T de_vsu_sel_ovl_scaler_para
4092d740 T de_vsu_recalc_scale_para
4092d7b8 T de_feat_get_num_devices
4092d7c0 T de_feat_get_num_chns
4092d7c8 T de_feat_get_num_vi_chns
4092d7d0 T de_feat_get_num_ui_chns
4092d7d8 T de_feat_get_num_layers
4092d7e8 T de_feat_get_num_layers_by_chn
4092d80c T de_feat_is_support_vep
4092d814 T de_feat_is_support_vep_by_chn
4092d83c T de_feat_is_support_smbl
4092d844 T de_feat_is_supported_output_types
4092d84c T de_feat_is_support_wb
4092d854 T de_feat_is_support_scale
4092d864 T de_feat_is_support_scale_by_chn
4092d88c T de_feat_init
4092d894 t tcon0_cfg_mode_auto
4092da60 t tcon0_cfg_mode_tri
4092dc54 t tcon_ceu_range_cut
4092dc80 t tcon_ceu_rect_multi
4092dd20 t tcon_ceu_calc.constprop.3
4092e030 T hmdi_src_sel
4092e050 T dsi_src_sel
4092e070 T lvds_open
4092e244 T lvds_close
4092e2e4 T tcon_get_timing
4092e3e4 T tcon_set_reg_base
4092e3fc T tcon_get_reg_base
4092e40c T tcon_init
4092e458 T tcon_exit
4092e478 T tcon_irq_enable
4092e4a0 T tcon_irq_disable
4092e4c4 T tcon_irq_query
4092e4fc T tcon_get_start_delay
4092e538 T tcon_get_cur_line
4092e578 T tcon0_src_select
4092e598 T tcon0_src_get
4092e5b0 T tcon0_open
4092e63c T tcon0_close
4092e698 T tcon0_tri_busy
4092e6b0 T tcon0_tri_start
4092e6dc T tcon0_frm
4092e7f4 T tcon0_cpu_16b_to_24b
4092e81c T tcon0_cpu_24b_to_16b
4092e840 T tcon0_cpu_busy
4092e864 T tcon0_cpu_wr_24b_index
4092e8c4 T tcon0_cpu_wr_24b_data
4092e924 T tcon0_cpu_wr_24b
4092e948 T tcon0_cpu_rd_24b
4092e950 T tcon0_cpu_wr_16b
4092e988 T tcon0_cpu_wr_16b_index
4092e9ac T tcon0_cpu_wr_16b_data
4092e9d0 T tcon0_cpu_rd_16b
4092e9d8 T tcon0_set_dclk_div
4092e9f8 T tcon0_get_dclk_div
4092ea10 T tcon1_open
4092ea3c T tcon1_close
4092ea68 T tcon1_cfg
4092ec8c T tcon1_cfg_ex
4092ed30 T tcon1_set_timming
4092ee6c T tcon1_set_tv_mode
4092ee74 T tcon1_src_select
4092ee9c T tcon1_src_get
4092eeb4 T tcon_ceu
4092f2d4 T tcon_gamma
4092f330 T tcon_cmap
4092f480 T tcon0_cfg_ext
4092f4b4 T tcon0_cfg
4092f874 T de_lti_set_reg_base
4092f890 T de_lti_update_regs
4092f8d4 T de_lti_init
4092f950 T de_lti_enable
4092f984 T de_lti_set_size
4092f9d0 T de_lti_set_window
4092fa80 T de_lti_set_para
4092fb4c T de_lti_info2para
4092fba0 T de_fce_set_reg_base
4092fbbc T de_fce_update_regs
4092fc00 T de_fce_init
4092fd98 T de_fce_enable
4092fdcc T de_fce_set_size
4092fe18 T de_fce_set_window
4092fec8 T de_fce_csc_en
4092fefc T de_fce_set_para
4092ff88 T de_fce_get_hist
4092ffcc T de_fce_set_ce
40930010 T de_fce_info2para
409300d0 T auto_ce_model
409301f4 T de_hist_apply
409302b0 T de_hist_sync
40930344 T de_ce_apply
409303b8 T de_ce_sync
40930478 T de_ase_set_reg_base
40930494 T de_ase_update_regs
409304d8 T de_ase_init
40930554 T de_ase_enable
40930588 T de_ase_set_size
409305d4 T de_ase_set_window
40930684 T de_ase_set_para
409306bc T de_ase_info2para
40930708 T de_bws_set_reg_base
40930724 T de_bws_update_regs
40930768 T de_bws_init
40930824 T de_bws_enable
40930858 T de_bws_set_size
409308a4 T de_bws_set_window
40930954 T de_bws_set_para
409309ac T de_bws_info2para
40930a00 T de_bws_apply
40930a88 T de_bws_sync
40930e24 T de_enhance_info2data
40930fa8 T de_enhance_apply
40931288 T de_enhance_sync
409312f8 T de_enhance_update_regs
40931380 T de_enhance_init
40931484 T de_smbl_update_regs
40931518 T de_smbl_set_reg_base
40931530 T de_smbl_init
409316f0 T de_smbl_enable
40931720 T de_smbl_set_window
409317cc T de_smbl_set_para
409318a8 T de_smbl_apply
40931974 T de_smbl_set_lut
409319ac T de_smbl_get_hist
409319d4 T de_smbl_sync
40931c34 T de_smbl_get_status
40931c4c T de_ccsc_update_regs
40931cec T de_ccsc_init
40931f00 T IntRightShift
40931f30 T IntRightShift64
40931fa0 T de_csc_coeff_calc
409330ec T de_ccsc_apply
4093326c T de_dcsc_apply
409333e0 T de_dcsc_update_regs
4093347c T de_dcsc_init
409335d0 T WB_EBIOS_Set_Reg_Base
409335e8 T WB_EBIOS_Get_Reg_Base
409335f8 T WB_EBIOS_Init
40933614 T WB_EBIOS_Writeback_Enable
40933638 T WB_EBIOS_Apply
40933654 T WB_EBIOS_Set_Para
40933c28 T WB_EBIOS_Update_Regs
40933c40 T WB_EBIOS_Get_Status
40933c84 T WB_EBIOS_EnableINT
40933ca4 T WB_EBIOS_DisableINT
40933cc4 T WB_EBIOS_QueryINT
40933cd8 T WB_EBIOS_ClearINT
40933cf8 t __de_clk_enable
40933f00 T de_clk_enable
40933f08 T de_clk_disable
40933f10 T de_clk_set_reg_base
40933f24 t st_clust
40933f44 t get_fileinfo
40934024 t mem_cpy
40934028 t ld_clust.isra.0
40934050 t validate
409340a8 t check_fs
4093415c t chk_mounted
409345b0 t sync_window
40934650 t sync_fs
4093474c t move_window
409347a0 t aw_move_window
40934880 T get_fattime
40934888 T clust2sect
409348ac T get_fat
409349d0 t dir_sdi
40934ad0 T aw_get_fat
40934bf4 T put_fat
40934d5c t create_chain
40934e90 t dir_next
4093502c t follow_path
409352ec t dir_register
40935388 t dir_read.constprop.13
40935418 t remove_chain
409354cc T aw_put_fat
40935634 t aw_create_chain
40935768 T f_mount
409357e8 T f_mount_ex
4093584c T f_open
40935a44 T f_read
40935d74 T f_write
409360cc T f_sync
409361bc T f_close
40936388 T f_tell
409363a8 T f_eof
409363f8 T f_lseek
40936628 T f_opendir
409366d8 T f_readdir
40936764 T f_stat
409367d4 T f_getfree
40936934 T f_truncate
40936a30 T f_unlink
40936b80 T f_mkdir
40936d6c T f_chmod
40936df8 T f_utime
40936e90 T f_rename
40937050 T f_gets
409370c8 T f_putc
4093710c T f_puts
40937150 T f_printf
409374c4 T disk_initialize
409374cc T disk_status
409374d4 T disk_read_fs
4093754c T disk_write
409375c8 T disk_ioctl
409375d0 t dirdelim
40937604 T downcase
40937628 T disk_read
4093767c T fat_register_device
4093778c T get_name
40937850 T get_fatent
4093797c T get_cluster
40937a10 T get_contents
40937b8c T slot2str
40937c58 T get_vfatname
40937e14 T mkcksum
40937e44 T read_bootsectandvi
40937f34 T do_fat_read
409387e4 T file_fat_detectfs
4093893c T file_fat_ls
4093894c T file_fat_read
40938954 t set_name
40938a80 t disk_write
40938b0c t flush_fat_buffer
40938b50 t get_fatent_value
40938c98 t set_fatent_value
40938d68 t set_cluster
40938df4 t set_contents
40938fac t flush_dir_table.constprop.5
40939088 t do_fat_write
40939aac T file_fat_write
40939ae0 T file_getfsname
40939af8 T file_cd
40939cec T file_detectfs
40939d28 T file_ls
40939dac T file_read
40939e40 T crc7
40939e70 T cyg_crc16
40939eb4 T crc32_no_comp
40939f94 T crc32
40939fa8 T crc32_wd
40939fac T display_options
40939fcc T print_size
4093a100 T print_buffer
4093a24c T zfree
4093a254 T zalloc
4093a264 T zunzip
4093a36c T gunzip
4093a418 t cmpkey
4093a42c T hcreate_r
4093a4cc T hdestroy_r
4093a540 T hstrstr_r
4093a5ec T hmatch_r
4093a68c T hsearch_r
4093a978 T hdelete_r
4093aa00 T hexport_r
4093ac1c T himport_r
4093ae5c t lmb_add_region
4093b024 T lmb_dump_all
4093b028 T lmb_init
4093b050 T lmb_add
4093b054 T lmb_free
4093b178 T lmb_reserve
4093b180 T lmb_overlaps_region
4093b1dc T __lmb_alloc_base
4093b30c T lmb_alloc_base
4093b340 T lmb_alloc
4093b348 T lmb_is_reserved
4093b3a8 T __board_lmb_reserve
4093b3a8 W board_lmb_reserve
4093b3ac T __arch_lmb_reserve
4093b3b0 T ldiv
4093b3d8 T string_to_ip
4093b434 T qsort
4093b500 T strcmp_compar
4093b50c T strmhz
4093b568 T __div64_32
4093b638 T strcpy
4093b650 T strncpy
4093b674 T strcat
4093b6a0 T strncat
4093b6f4 T strcmp
4093b71c T strncmp
4093b760 T strcasecmp
4093b7bc T strncasecmp
4093b820 T strchr
4093b854 T strlen
4093b874 T strrchr
4093b8b0 T strnlen
4093b8dc T strdup
4093b910 T strspn
4093b950 T strpbrk
4093b98c T strtok
4093ba04 T strsep
4093ba38 T strswab
4093ba84 T memset
4093baf4 T bcopy
4093bb1c T memcpy
4093bb88 T memmove
4093bbf4 T memcmp
4093bc28 T memscan
4093bc54 T strstr
4093bcb4 T memchr
4093bce4 T udelay
4093bd14 t string
4093bdb0 t put_dec
4093bf98 t number
4093c200 T simple_strtoul
4093c2ac T strict_strtoul
4093c324 T simple_strtol
4093c34c T ustrtoul
4093c3c0 T simple_strtoull
4093c4c0 T vsprintf
4093c90c T sprintf
4093c930 T panic
4093c974 T __assert_fail
4093c988 T zcfree
4093c990 T zcalloc
4093c998 T inflate_fast
4093cf44 T inflate_table
4093d508 T inflateReset
4093d588 T inflateInit2_
4093d68c T inflateInit_
4093d6a0 T inflateEnd
4093d70c T adler32
4093d9c8 T inflate
4093f024 T compare_regions
4093f0a8 T test_stuck_address
4093f1cc T test_random_value
4093f28c T test_xor_comparison
4093f2f4 T test_sub_comparison
4093f35c T test_mul_comparison
4093f3c4 T test_div_comparison
4093f434 T test_or_comparison
4093f49c T test_and_comparison
4093f504 T test_seqinc_comparison
4093f560 T test_solidbits_comparison
4093f634 T test_checkerboard_comparison
4093f714 T test_blockseq_comparison
4093f7dc T test_walkbits0_comparison
4093f8c0 T test_walkbits1_comparison
4093f9a4 T test_bitspread_comparison
4093fae4 T test_bitflip_comparison
4093fbe4 T initqueue
4093fc94 T destroyqueue
4093fcc4 T resetqueue
4093fd18 T enqueue
4093fd1c T outqueue
4093fd20 T isqueueempty
4093fd38 T isqueuefull
4093fd60 T inqueue_query
4093fd88 T inqueue_ex
4093fdb4 T outqueue_query
4093fdcc T outqueue_ex
4093fe00 T sunxi_queue_init
4093fe48 T sunxi_queue_destroy
4093fe58 T sunxi_queue_reset
4093fe68 T sunxi_queue_isempty
4093fe78 T sunxi_queue_isfull
4093fe88 T sunxi_inqueue_query
4093fe9c T sunxi_queue_in
4093feac T sunxi_outqueue_query
4093fec8 T sunxi_queue_out
4093fed8 t __download_normal_part
40940480 T sprite_card_firmware_start
40940488 T sprite_card_firmware_probe
409404ac T sprite_card_fetch_download_map
40940530 T sprite_card_fetch_mbr
409405b4 T sunxi_sprite_deal_part
40940b58 T sunxi_sprite_deal_uboot
40940c2c T sunxi_sprite_deal_boot0
40940cf8 T card_download_uboot
40940d1c T card_download_boot0
40940d40 T card_download_standard_mbr
40940f10 T card_erase
40941088 T sunxi_card_fill_boot0_magic
4094121c T sunxi_sprite_deal_part_from_sysrevoery
40941394 T __imagehd
409413b0 T sunxi_sprite_deal_fullimg
40941734 T get_code_key
40941778 T init_code
409417e8 T encode
40941800 T decode
4094182c T exit_code
40941834 T TFInitial
409418ac T TFDecode
409418fc T TFUnInitial
40941924 T qp
4094199c T gen_qtab
409419e0 T gen_mtab
40941ab0 T h_fun
40941c10 T gen_mk_tab
40941f84 T mds_rem
40941fdc T twofish_new_set_key
40942108 T twofish_new_decrypt
409422f4 T unsparse_probe
40942380 T unsparse_direct_write
4094261c T unsparse_checksum
4094262c T sunxi_sprite_download_mbr
409426e0 T sunxi_sprite_download_uboot
40942820 T sunxi_sprite_download_boot0
40942828 T add_sum
40942898 T sunxi_sprite_part_rawdata_verify
40942994 T sunxi_sprite_part_sparsedata_verify
40942998 T sunxi_sprite_generate_checksum
40942a1c T sunxi_sprite_verify_checksum
40942aac T sunxi_sprite_verify_mbr
40942c3c T sunxi_sprite_verify_dlmap
40942c7c T Img_Open
40942d84 T Img_GetSize
40942dc0 T Img_OpenItem
40942e84 T Img_GetItemSize
40942ec8 T Img_GetItemStart
40942f44 T Img_ReadItem
40943020 T Img_CloseItem
4094304c T Img_Close
409430a8 T sunxi_sprite_store_part_data
4094325c T sunxi_sprite_restore_part_data
409433cc T sunxi_sprite_probe_prvt
40943438 T sunxi_sprite_erase_private_key
40943554 T sunxi_card_sprite_main
40943c54 T sunxi_sprite_erase_flash
40943e90 T sunxi_sprite_force_erase_key
40943f30 T Img_Open_from_sysrecovery
40944034 T card_part_info
4094413c T sprite_form_sysrecovery
4094430c t sprite_timer_func
40944350 T sprite_led_init
40944450 T sprite_led_exit
409444e0 t sunxi_mass_reset
409444f8 t sunxi_mass_usb_rx_dma_isr
4094450c t sunxi_mass_usb_tx_dma_isr
40944510 t sunxi_mass_state_loop
4094495c t sunxi_mass_standard_req_op
40944dc4 t sunxi_mass_exit
40944df8 t sunxi_mass_nonstandard_req_op
40944e58 t sunxi_mass_init
40944edc t sunxi_efex_reset
40944f08 t sunxi_efex_usb_rx_dma_isr
40944f1c t sunxi_efex_usb_tx_dma_isr
40944f20 t __sunxi_usb_efex_fill_status
40944f68 t sunxi_efex_exit
40944fac t sunxi_efex_init
4094506c t __sunxi_usb_efex_op_cmd
4094595c t dram_data_recv_finish
40945bf4 t sunxi_efex_state_loop
40946294 t sunxi_efex_standard_req_op
40946680 t sunxi_efex_nonstandard_req_op
409466e0 t sunxi_fastboot_reset
409466f8 t sunxi_fastboot_nonstandard_req_op
40946700 t sunxi_fastboot_usb_tx_dma_isr
4094670c t sunxi_fastboot_usb_rx_dma_isr
40946730 t __fastboot_reboot
40946774 t sunxi_fastboot_state_loop
40947334 t sunxi_fastboot_standard_req_op
4094779c t sunxi_fastboot_exit
409477cc t sunxi_fastboot_init
40947868 t sunxi_pburn_reset
40947880 t sunxi_pburn_usb_rx_dma_isr
40947894 t sunxi_pburn_usb_tx_dma_isr
40947898 t sunxi_pburn_state_loop
40947d54 t sunxi_pburn_standard_req_op
40948140 t sunxi_pburn_exit
40948174 t sunxi_pburn_nonstandard_req_op
409481d4 t sunxi_pburn_init
40948258 T sunxi_usb_dev_register
409482d0 T buf_queue_init
40948428 T buf_queue_exit
409484a0 T buf_queue_empty
409484b8 T buf_queue_full
409484e0 T buf_queue_free_size
40948500 T buf_queue_get_page_size
40948510 T buf_enqueue
4094858c T buf_dequeue
409485f4 T efex_queue_init
4094866c T efex_queue_exit
40948690 T efex_queue_write_one_page
409486e4 T efex_queue_write_all_page
4094874c T efex_save_buff_to_queue
40948820 t sunxi_efex_test_reset
4094884c t sunxi_efex_test_usb_rx_dma_isr
40948860 t sunxi_efex_test_usb_tx_dma_isr
40948864 t __sunxi_usb_efex_fill_status
409488ac t sunxi_efex_test_standard_req_op
40948c98 t sunxi_efex_test_exit
40948ce0 t sunxi_efex_test_init
40948da8 t sunxi_efex_test_nonstandard_req_op
40948e08 T sunxi_probe_axp_each_volt
40948f80 T replace_boot_logo
409490c8 t dram_data_recv_finish
409491bc T read_file
40949288 t __sunxi_usb_efex_test_op_cmd
4094980c t sunxi_efex_test_state_loop
40949e2c t __usb_bulk_ep_reset
40949f10 t __usb_readcomplete.constprop.5
40949f48 t __usb_read_ep0_data
40949fe0 T sunxi_usb_irq
4094a6d0 t __usb_writecomplete.constprop.4
4094a71c T sunxi_usb_init
4094a9c0 T sunxi_usb_exit
4094aa58 T sunxi_udc_ep_reset
4094aa5c T sunxi_udc_start_recv_by_dma
4094aad8 T sunxi_udc_send_setup
4094ab20 T sunxi_udc_set_configuration
4094ab28 T sunxi_udc_set_address
4094ab70 T sunxi_udc_send_data
4094ac08 T sunxi_udc_get_ep_max
4094ac18 T sunxi_udc_get_ep_in_type
4094ac20 T sunxi_udc_get_ep_out_type
4094ac28 T sunxi_usb_main_loop
4094aca4 T sunxi_usb_extern_loop
4094acc4 t __usb_index_check
4094ad0c T usb_dma_init
4094ad20 T usb_dma_request
4094ad5c T usb_dma_release
4094ad7c T usb_dma_setting
4094adb8 T usb_dma_set_pktlen
4094adec T usb_dma_start
4094ae28 T usb_dma_stop
4094ae54 T usb_dma_int_query
4094ae64 T usb_dma_int_clear
4094ae74 T board_init
4094ae98 T dram_init_banksize
4094af00 T dram_init
4094b1e4 T board_mmc_init
4094b1f8 T board_mmc_pre_init
4094b20c T board_mmc_get_num
4094b214 T board_mmc_set_num
4094b21c T cpu0_set_detected_paras
4094b224 t sunxi_str_replace
4094b3ec T __mmc_exit
4094b3f4 T sunxi_board_close_source
4094b424 T sunxi_board_restart
4094b46c T sunxi_board_shutdown
4094b4c4 T sunxi_board_run_fel
4094b520 T sunxi_board_run_fel_eraly
4094b574 T sunxi_update_subsequent_processing
4094b600 T fastboot_partition_init
4094b67c T check_android_misc
4094b898 T board_late_init
4094b8ac T check_uart_input
4094b938 T check_update_key
4094bcb8 T gpio_control
4094bd18 T gpio_control_flashing
4094be78 T write_usb_recovery_to_misc
4094bf14 T check_boot_recovery_key
4094c058 T modify_uboot_uart
4094c060 T modify_system_uart
4094c068 T change_to_debug_mode
4094c06c T sunxi_flash_read_bootlogo
4094c0cc T sunxi_read_bootlogo
4094c138 t power_int_irq
4094c240 T power_limit_detect_enter
4094c298 T power_limit_detect_exit
4094c2bc T __usb_probe_vbus_type
4094c2c4 T power_limit_init
4094c38c T board_display_layer_request
4094c398 T board_display_layer_release
4094c3a0 T board_display_wait_lcd_open
4094c404 T board_display_wait_lcd_close
4094c468 T board_display_set_exit_mode
4094c4c4 T board_display_layer_open
4094c524 T board_display_layer_close
4094c588 T board_display_layer_para_set
4094c5d8 T board_display_show_until_lcd_open
4094c5f8 T board_display_show
4094c60c T card_board_display_framebuffer_set
4094c798 T board_display_framebuffer_set
4094c95c T board_display_set_alpha_mode
4094c974 T board_display_framebuffer_change
4094c97c T board_display_device_open
4094cc3c T board_display_setenv
4094cc5c T borad_display_get_screen_width
4094cc98 T borad_display_get_screen_height
4094ccd4 t usb_clock_exit
4094cd24 t timer_test_usbdc
4094cd58 t usb_detect_irq_handler
4094cdc0 T usb_detect_enter
4094cf24 T usb_detect_exit
4094cf60 T usb_detect_for_charge
4094cf7c T board_status_probe
4094d4cc T sprite_cartoon_screen_set
4094d57c T sprite_cartoon_test
4094d718 T do_sunxi_screen_char
4094d71c T sprite_cartoon_create
4094d820 T sprite_cartoon_upgrade
4094d850 T sprite_cartoon_destroy
4094d86c T sprite_cartoon_progressbar_create
4094d91c T sprite_cartoon_progressbar_config
4094d964 T sprite_cartoon_progressbar_active
4094d9c8 T sprite_cartoon_progressbar_destroy
4094da0c T sprite_cartoon_progressbar_upgrate
4094dac8 T sprite_cartoon_ui_draw_hollowrectangle
4094db9c T sprite_cartoon_ui_draw_solidrectangle
4094dc48 T sprite_cartoon_ui_draw_line
4094def4 T sprite_cartoon_ui_draw_lineto
4094df2c T sprite_cartoon_ui_draw_point
4094df5c T sprite_cartoon_ui_set_color
4094df70 T sprite_cartoon_ui_get_color
4094df80 T sprite_cartoon_ui_moveto
4094df98 T sprite_cartoon_ui_clear
4094dfbc T battery_charge_cartoon_init
4094e154 T battery_charge_cartoon_exit
4094e1a4 T battery_charge_cartoon_rate
4094e218 T battery_charge_cartoon_reset
4094e23c T battery_charge_cartoon_degrade
4094e274 t uichar_change_newline
4094e2e8 T sprite_uichar_init
4094e40c T sprite_uichar_printf
4094e534 t draw_pixel
4094e594 T open_font
4094e668 T close_font
4094e6b0 T check_change_line
4094e708 T draw_bmp_ulc
4094e7d4 T draw_cursor
4094e8a0 t is_valid_face
4094e8c8 t release_hdl_res
4094e97c T SFTE_New_Face
4094eb90 T SFTE_Done_Face
4094ebd0 T SFTE_Set_Pixel_Sizes
4094ed50 T SFTE_Get_Pixel_Sizes
4094ed88 T SFTE_Get_Pixel_Size_List
4094edf0 T SFTE_Get_Pixel_Size_Count
4094ee08 T SFTE_Get_Glyph
4094efd4 T SFTE_Get_XAdvance
4094f064 T sunxi_partition_get_total_num
4094f07c T sunxi_partition_get_name
4094f0c4 T sunxi_partition_get_offset
4094f0f4 T sunxi_partition_get_size
4094f124 T sunxi_partition_get_offset_byname
4094f190 T sunxi_partition_get_size_byname
4094f1fc T sunxi_partition_get_info_byname
4094f284 T sunxi_partition_fetch_mbr
4094f2a0 T sunxi_partition_refresh
4094f2e8 T sunxi_partition_init
4094f380 t _test_str_length
4094f3b0 t sw_cfg_get_subkey
4094f440 t gpio_request_early.constprop.1
4094f8b0 T sw_cfg_get_int
4094f8e0 T sw_cfg_get_str
4094f92c T script_parser_init
4094f94c T save_config
4094f9ac T reload_config
4094f9e4 T script_get_length
4094f9f0 T script_parser_exit
4094fa00 T script_parser_subkey
4094faa8 T script_parser_fetch_subkey_start
4094fb58 T script_parser_fetch_subkey_next
4094fc10 T script_parser_fetch
4094fe20 T script_parser_fetch_ex
4095005c T script_parser_patch_all
40950134 T script_parser_patch
40950348 T script_parser_subkey_count
409503ec T script_parser_mainkey_count
40950400 T script_parser_mainkey_get_gpio_count
409504e4 T script_parser_mainkey_get_gpio_cfg
40950638 T sw_gpio_init
40950644 T gpio_exit
4095064c T gpio_request
40950b50 T gpio_request_ex
40950bf0 T gpio_request_simple
40950c9c T gpio_release
40950f28 T gpio_get_all_pin_status
40951270 T gpio_get_one_pin_status
40951464 T gpio_set_one_pin_status
40951658 T gpio_set_one_pin_io_status
40951730 T gpio_set_one_pin_pull
40951808 T gpio_set_one_pin_driver_level
409518e0 T gpio_read_one_pin_value
409519e0 T gpio_write_one_pin_value
40951b00 T upper
40951b20 T lower
40951b40 T sunxi_dump
40951b9c T raise
40951bb8 T __aeabi_unwind_cpp_pr0
40951bbc T __lshrdi3
40951bbc t __aeabi_llsr
40951bd4 T __ashrdi3
40951bd4 t __aeabi_lasr
40951bf0 T __ashldi3
40951bf0 t __aeabi_llsl
40951c08 T __aeabi_drsub
40951c10 T __aeabi_dsub
40951c10 T __subdf3
40951c14 T __adddf3
40951c14 T __aeabi_dadd
40951e8c T __aeabi_ui2d
40951e8c T __floatunsidf
40951eac T __floatsidf
40951eac t __aeabi_i2d
40951ed0 T __aeabi_f2d
40951ed0 T __extendsfdf2
40951f0c T __aeabi_ul2d
40951f0c T __floatundidf
40951f1c T __aeabi_l2d
40951f1c T __floatdidf
40951f78 T __muldf3
40951f78 t __aeabi_dmul
409521cc T __divdf3
409521cc t __aeabi_ddiv
4095239c T __fixdfsi
4095239c t __aeabi_d2iz
409523ec T __truncdfsf2
409523ec t __aeabi_d2f
4095248c T __aeabi_frsub
40952494 T __subsf3
40952494 t __aeabi_fsub
40952498 T __addsf3
40952498 t __aeabi_fadd
409525f8 T __aeabi_ui2f
409525f8 T __floatunsisf
40952600 T __floatsisf
40952600 t __aeabi_i2f
4095261c T __aeabi_ul2f
4095261c T __floatundisf
4095262c T __aeabi_l2f
4095262c T __floatdisf
409526a8 T __mulsf3
409526a8 t __aeabi_fmul
40952810 T __divsf3
40952810 t __aeabi_fdiv
40952948 T __fixsfsi
40952948 t __aeabi_f2iz
409529a0 r __func__.3088
40952a1b r CSWTCH.6
40952a1e r CSWTCH.2
40952a21 r CSWTCH.4
40952a24 r CSWTCH.6
40953694 r boot_os
409536e0 r __func__.3434
409536f0 r baudrate_table
40953704 r __func__.3400
4095371c V version_string
40953773 r CSWTCH.29
40953789 R default_environment
40953c43 r __func__.3135
40953c53 r __func__.3142
40953c5e R sunxi_sprite_environment
40953cc2 r __func__.4095
40953cd5 r __func__.4103
40953ce4 r uimage_os
40953d50 r uimage_arch
40953e34 r uimage_type
40953f00 r uimage_comp
40953f48 r erase_seq
40953f4c r tab_seq
40953f58 r CSWTCH.13
409580b0 r block_drvr
409583f4 r multipliers
40958434 r fbase
40958444 r tuning_blk_4b
40959844 r tuning_blk_8b
4095cbbc r serial_ports
4095d220 r zigzag
4095d260 r aanscalefactor.1609
4095d2a0 r bits_dc_luminance
4095d2b1 r val_dc_luminance
4095d2bd r bits_ac_luminance
4095d2ce r val_ac_luminance
4095d370 r bits_dc_chrominance
4095d381 r val_dc_chrominance
4095d38d r bits_ac_chrominance
4095d39e r val_ac_chrominance
4095d440 r convert_colorspace_yuv420p
4095d450 r decode_mcu_3comp_table
4095d460 r convert_colorspace_rgb24
4095d470 r convert_colorspace_bgr24
4095d480 r convert_colorspace_grey
4095d490 r decode_mcu_1comp_table
4095d8f0 r __func__.7367
4095d900 r init_clks
4095d910 r __func__.7056
4095d91f r __func__.7076
4095db68 r clk_tbl
4095dba8 r CSWTCH.47
4095dbb4 r CSWTCH.45
4095dbc4 r CSWTCH.19
4095dbd4 r de_num_layers
4095dbe0 r de_is_support_vep
4095dbec r de_is_support_scale
4095dd94 r de_clk_tbl
4095ee5c r __func__.3486
4095ee68 r __func__.3558
4095ee6f r __func__.3602
4095ee75 r __func__.3370
4095f00c r filesystems
4095f2e0 R crc7_syndrome_table
4095f3e0 r crc16_tab
4095f5e0 r crc_table
4095f9e0 r names.3097
4095f9e6 R _ctype
4095fae6 r digits.3085
4095faf6 R hex_asc
4095fc50 r lext.3324
4095fc8e r lbase.3323
4095fccc r dext.3326
4095fd0c r dbase.3325
4095fd4c r lenfix
4096054c r distfix
409605cc r order.3419
409605f4 R z_errmsg
40962b93 R RequestSense
40962ba7 R InquiryData
40962bcf R pburn_RequestSense
40962be3 R pburn_InquiryData
40964948 r __func__.3356
40965c90 d pll1_table
409676e4 D timer_callback
409676f4 d usbc_base_address
40967700 D init_sequence
40967740 d cmd_bootm_sub
40967804 d dp_last_length
40967808 d cmd_env_sub
409678e8 d env_id
409678ec D load_addr
409678f0 D tests
40967970 D seed2
40967974 D seed1
40967978 D IGNORE_ENV_VARIABLE
4096798c d av_
40967d94 d sbrk_base
40967d98 d trim_threshold
40967d9c d mmap_threshold
40967da0 D env_size
40967da4 D env_name_spec
40967da8 d reserved_list
40967e2c d hist_cur
40967e30 D stdio_names
40967e3c D mmc_devices
40967e44 D sunxi_axp_dev
40967e64 d current_pmu
40967e68 D sunxi_axp_20
40967ecc D sunxi_axp_null
40967f30 D pwm_active_sta
40967f40 d spinor_cache_block
40967f44 D sunxi_sprite_datafinish_pt
40967f48 D sunxi_sprite_datafinish_card_pt
40967f4c D sunxi_flash_read_pt
40967f50 D sunxi_flash_write_pt
40967f54 D sunxi_flash_size_pt
40967f58 D sunxi_flash_exit_pt
40967f5c D sunxi_flash_flush_pt
40967f60 D sunxi_flash_phyread_pt
40967f64 D sunxi_flash_phywrite_pt
40967f68 D sunxi_sprite_init_pt
40967f6c D sunxi_sprite_read_pt
40967f70 D sunxi_sprite_write_pt
40967f74 D sunxi_sprite_erase_pt
40967f78 D sunxi_sprite_size_pt
40967f7c D sunxi_sprite_exit_pt
40967f80 D sunxi_sprite_flush_pt
40967f84 D sunxi_sprite_phyread_pt
40967f88 D sunxi_sprite_phywrite_pt
40967f8c D sunxi_sprite_force_erase_pt
40967f90 D sunxi_flash_init_pt
40967f94 d device_list
40967f9c d io_name.7118
409681cc d vdev_source_ops
409681d4 D panel_array
409681e8 D default_panel
4096821c D lt070me05000_panel
40968250 D t27p06_panel
40968284 D vs043con08v0_panel
409682b8 D bicubic4coefftab32
40968ab8 D bicubic8coefftab32_right
409692b8 D bicubic8coefftab32_left
40969ab8 D lan2coefftab32
4096a2b8 D lan3coefftab32_right
4096aab8 D lan3coefftab32_left
4096b2b8 D lan2coefftab16
4096b6b8 D fcc_range_gain
4096b6d0 D sin_cos
4096b8d0 D bypass_csc
4096b900 D r2r
4096b980 D y2y
4096ba80 D r2y
4096bc80 D y2r
4096bf80 d PWRSAVE_PROC_THRES
4096bf84 D hist_thres_drc
4096bf8c D csc_bypass_coeff
4096bfbc D smbl_filter_coeff
4096c0cc D hist_thres_pwrsv
4096c0d4 D drc_filter
4096c0ec D wb_lan2coefftab16_down
4096c12c D wb_lan2coefftab16
4096c16c d cur_part
4096c170 D file_cwd
4096c370 d current_filesystem
4096c374 D mem_progress
4096c379 D qt0
4096c399 D qt1
4096c3b9 D ashx
4096c3c9 D ror4
4096c3d9 D qt3
4096c3f9 D qt2
4096c419 D tab_5b
4096c41d D tab_ef
4096c424 D sunxi_usb_mass_dev
4096c434 D setup_req_1
4096c454 D sunxi_usb_mass_iProduct
4096c474 D sunxi_usb_mass_iManufacturer
4096c494 D sunxi_usb_mass_iSerialNum0
4096c4b4 D normal_LangID
4096c4bc d sunxi_usb_efex_app_step
4096c4c0 D setup_req_2
4096c4e0 D sunxi_usb_fastboot_dev
4096c4f8 D setup_req_3
4096c518 D sunxi_fastboot_normal_LangID
4096c520 D setup_req_4
4096c540 D sunxi_usb_pburn_dev
4096c550 D sunxi_usb_pburn_iProduct
4096c570 D sunxi_usb_pburn_iManufacturer
4096c590 D sunxi_usb_pburn_iSerialNum0
4096c5b0 D sunxi_usb_pbur_normal_LangID
4096c5b8 D buf_queue_max_len
4096c5bc D buf_queue_page_size
4096c5c0 d sunxi_usb_efex_app_step
4096c5c4 D setup_req_5
4096c5e4 D loglel_change_flag
4096c5f4 A __u_boot_cmd_start
4096c5f4 D __u_boot_cmd_key_test
4096c610 D __u_boot_cmd_reset
4096c62c D __u_boot_cmd_go
4096c648 D __u_boot_cmd_boota
4096c664 D __u_boot_cmd_bootd
4096c680 D __u_boot_cmd_boot
4096c69c D __u_boot_cmd_bootm
4096c6b8 D __u_boot_cmd_pburn
4096c6d4 D __u_boot_cmd_bootvx
4096c6f0 D __u_boot_cmd_bootelf
4096c70c D __u_boot_cmd_exit
4096c728 D __u_boot_cmd_fatinfo
4096c744 D __u_boot_cmd_fatls
4096c760 D __u_boot_cmd_fatdown
4096c77c D __u_boot_cmd_fatload
4096c798 D __u_boot_cmd_efex
4096c7b4 D __u_boot_cmd_question_mark
4096c7d0 D __u_boot_cmd_help
4096c7ec D __u_boot_cmd_power_probe
4096c808 D __u_boot_cmd_sys_config
4096c824 D __u_boot_cmd_delay_test
4096c840 D __u_boot_cmd_memcpy_test
4096c85c D __u_boot_cmd_efex_test
4096c878 D __u_boot_cmd_mass_test
4096c894 D __u_boot_cmd_fastboot_test
4096c8b0 D __u_boot_cmd_sprite_test
4096c8cc D __u_boot_cmd_timer_test1
4096c8e8 D __u_boot_cmd_timer_test
4096c904 D __u_boot_cmd_mtest
4096c920 D __u_boot_cmd_loop
4096c93c D __u_boot_cmd_base
4096c958 D __u_boot_cmd_crc32
4096c974 D __u_boot_cmd_cmp
4096c990 D __u_boot_cmd_cp
4096c9ac D __u_boot_cmd_mw
4096c9c8 D __u_boot_cmd_nm
4096c9e4 D __u_boot_cmd_mm
4096ca00 D __u_boot_cmd_md
4096ca1c D __u_boot_cmd_mmc
4096ca38 D __u_boot_cmd_mmcinfo
4096ca54 D __u_boot_cmd_savecfg
4096ca70 D __u_boot_cmd_setcfg
4096ca8c D __u_boot_cmd_run
4096caa8 D __u_boot_cmd_setenv
4096cac4 D __u_boot_cmd_printenv
4096cae0 D __u_boot_cmd_env
4096cafc D __u_boot_cmd_saveenv
4096cb18 D __u_boot_cmd_sprite_recovery
4096cb34 D __u_boot_cmd_recovery
4096cb50 D __u_boot_cmd_shutdown
4096cb6c D __u_boot_cmd_standby
4096cb88 D __u_boot_cmd_logo
4096cba4 D __u_boot_cmd_sunxi_bmp_show
4096cbc0 D __u_boot_cmd_sunxi_bmp_info
4096cbdc D __u_boot_cmd_sunxi_flash
4096cbf8 D __u_boot_cmd_memtester
4096cc14 D __u_boot_cmd_sunxi_boot_signature
4096cc30 D __u_boot_cmd_save_userdata
4096cc4c D __u_boot_cmd_true
4096cc68 D __u_boot_cmd_false
4096cc84 D __u_boot_cmd_test
4096cca0 D __u_boot_cmd_version
4096ccbc D __u_boot_cmd_showvar
4096ccd8 D __u_boot_cmd_screen_char
4096ccf4 A __image_copy_end
4096ccf4 A __u_boot_cmd_end
4096ccf4 B __bss_start
4096ccf4 B sunxi_int_handlers
4096ccf4 R __rel_dyn_start
4096d1dc b timer_used_status
4096d1e0 b usbc_info_g
4096d1f8 b usbc_otg_array
4096d278 B monitor_flash_len
4096d27c b params
4096d280 b boot_hdr
4096d480 b images
4096d5ac B burn_private_start
4096d5b0 B burn_private_len
4096d5b4 b timer_test_flag
4096d5bc B timer1_t
4096d5cc B timer0_t
4096d5dc b base_address
4096d5e0 b dp_last_addr
4096d5e4 b dp_last_size
4096d5e8 b mm_last_addr
4096d5ec b mm_last_size
4096d5f0 B pblc_keys
4096d5f8 B prvt_keys
4096d600 B key
4096d604 B cryptTable
4096ea04 B USER_DATA_NUM
4096ea08 B USER_DATA_NAME
4096eb48 b tmp_buf.3037
4096ed48 b tmp_buf
4096ee48 b ctrlc_disabled
4096ee4c b ctrlc_was_pressed
4096ee50 B mem_malloc_brk
4096ee54 B mem_malloc_start
4096ee58 B mem_malloc_end
4096ee5c b current_mallinfo
4096ee84 b top_pad
4096ee88 b max_sbrked_mem
4096ee8c b max_total_mem
4096ee90 b n_mmaps_max
4096ee94 B env_htab
4096eea0 B env_ptr
4096eea4 b top_vars
4096eea8 b flag_repeat
4096eeac b do_repeat
4096eeb0 b the_command.3258
4096efb0 b local.3242
4096efc6 b buf.3456
4096eff0 B last_return_code
4096eff4 b map
4096f0f4 b ifs
4096f0f8 B nesting_level
4096f0fc b initted.3249
4096f100 b hist_max
4096f104 b hist_add_idx
4096f108 B hist_num
4096f10c B hist_lines
40970520 B hist_list
40970570 B console_buffer
40970674 b devs
409706b0 B stdio_devices
409706bc b boot_heap_tail
409706cc b boot_heap_head
409706dc b xyz
40970b18 b dma_channal_source
40970cd8 b dma_int_count
40970ce0 B mmc_host
40971340 B mmc_dev
40971940 b power_int_value
40971948 b dcdc3_user_set
4097194c b ldo2_user_set
40971950 b ldo3_user_set
40971954 b ldo4_user_set
40971958 B pwm_pin_count
40971968 B pwm_gpio_info
40971a48 b g_cfg_mclk
40971a4c b spi_rx_dma
40971a50 b spi_tx_dma
40971a54 b spi_rx_dma_hd
40971a58 b spi_tx_dma_hd
40971a5c b read_flag.3759
40971a60 b spinor_flash_inited
40971a64 b spinor_store_buffer
40971a68 b spinor_write_cache
40971a6c B total_write_bytes
40971a70 b total_count
40971a74 B spinor_verify
40971a78 b printf_string
40971b78 b mmc_boot
40971b7c b mmc_sprite
40971b80 b sunxi_flash_blk_dev
40971c08 b lcd_flow_cnt
40971c10 b lcd_timer
40971c30 b lcd_op_finished
40971c34 b g_disp_drv
40971cf8 b init_flag
40971cfc b lcd_op_start
40971d00 B gdisp
40971dbc b lcd_private
40971dc0 b lcd_data_lock
40971dc4 b lcds
40971dc8 b mgr_data_lock
40971dcc b mgr_private
40971dd0 b lyr_cfgs
40971dd4 b lyrs
40971dd8 b mgr_mlock
40971ddc b mgrs
40971de0 b mgr_cfgs
40971de4 b lyr_private
40971de8 b smbl_private
40971dec b smbl_data_lock
40971df0 b smbls
40971df4 b enhance_private
40971df8 b enhance_data_lock
40971dfc b enhances
40971e00 b capture_private
40971e04 b captures
40971e08 B g_lcd_drv
40971e58 b fcc_dev
40971e64 b fcc_para_block
40971e94 b fcc_csc_block
40971ec4 b gsu_glb_block
40971ed4 b gsu_out_block
40971ee4 b gsu_scale_block
40971ef4 b gsu_coeff_block
40971f04 b gsu_dev
40971f08 b cpara.7063
40971f88 b para.7062
40972048 b ovl_para.7123
40972078 b ovl_cpara.7124
40972098 b lay_cfg.7119
409723c8 b count.7205
409723cc b count.7062
409723d0 b count.7067
409723d4 b count.7075
409723d8 b count.7079
409723dc b count.7083
409723e0 b count.7087
409723e4 b al_priv
409723f0 b peak_dev
409723fc b peak_block
4097242c b glb_ctl_block
4097243c b vi_size_block
4097245c b vi_haddr_block
4097247c b vi_fc_block
4097249c b ui_size_block
409724ac b ui_haddr_block
409724bc b vi_attr_block
4097253c b ui_attr_block
4097257c b bld_attr_block
4097258c b bld_ctl_block
4097259c b bld_ck_block
409725ac b bld_out_block
409725bc b de200_rtmx
409725d0 b vsu_cvcoeff_block
409725f0 b vsu_chcoeff1_block
40972610 b vsu_chcoeff0_block
40972630 b vsu_yvcoeff_block
40972650 b vsu_yhcoeff1_block
40972670 b vsu_yhcoeff0_block
40972690 b vsu_cscale_block
409726b0 b vsu_yscale_block
409726d0 b vsu_out_block
409726f0 b vsu_glb_block
40972710 b vsu_dev
40972718 b lcd_dev
40972720 b lti_dev
4097272c b lti_block
4097275c b fce_dev
40972768 b fce_para_block
40972798 b fce_hw_base
409727a4 b fce_celut_block
409727d4 b fce_hist_block
40972804 B g_hist_status
40972810 B g_ce_status
4097281c b g_celut
40972828 b hist_r.7102
40972c28 b p.7103
40973028 b ase_dev
40973034 b ase_block
40973064 b bws_dev
40973070 b bws_block
409730a0 b bws_hw_base
409730ac B g_bws_status
409730b8 b vep_num
409730bc b frame_cnt
409730c0 b count.7052
409730c4 b device_num
409730c8 B g_sum
409730d4 B g_hist_p
409730e0 B g_hist
409730ec b smbl_ctrl_block
409730fc b smbl_csc_block
4097310c b smbl_filter_block
4097311c b smbl_dev
40973120 b smbl_hw_base
40973124 b smbl_hist_block
40973134 b smbl_lut_block
40973144 b g_smbl_status
40973148 b pttab
4097314c B pwrsv_lgc_tab
4097334c b printf_cnt.7047
40973350 b smbl_frame_cnt
40973354 b icsc_block
40973384 b csc_block
409733b4 b vep_support
409733c0 b vi_num
409733c4 b ccsc_dev
409733d0 b icsc_dev
409733dc b is_in_smbl
409733e0 b dcsc2_dev
409733e4 b dcsc_dev
409733e8 b dcsc_coeff_block
409733f8 b dcsc_enable_block
40973408 b wb_dev
40973410 b wb_config
409734a8 b de_base
409734ac b FatFs
409734b0 b Fsid
409734b2 b aw_pad_align
409734b4 b fatfs_aw_fat_buffer
40976f9c R __dynsym_start
40976f9c R __rel_dyn_end
409770ac A _end
409770ac A _standby_start_lma
40d734b4 b aw_fat_flags
40d73734 B PART_NAME
40d73764 B cur_dev
40d73768 B part_offset
40d7376c B get_vfatname_block
40d8376c B do_fat_read_block
40d9376c B get_dentfromdir_block
40da376c b total_sector
40da3770 b dir_curclust
40da3774 b empty_dentptr
40da3778 B errno
40da377c B ___strtok
40da3780 B use_phys
40da3784 b Q
40da3788 b imghd
40da378c b imgitemhd
40da3790 B handle
40da3794 B twi_org
40da5a50 b android_format_checksum
40da5a54 b last_rest_size
40da5a58 b chunk_count
40da5a5c b chunk_length
40da5a60 b sparse_format_type
40da5a64 b flash_start
40da5a68 b total_chunks
40da5a6c b globl_header
40da5a88 B img_file_start
40da5a8c B part_info
40da5d0c b ipc_led_gpio
40da5d44 B gpio_handle
40da5d48 b sprite_led_hd
40da5d4c b sprite_led_status
40da5d50 B TIMER0
40da5d60 b sunxi_usb_mass_write_enable
40da5d64 b sunxi_usb_mass_status
40da5d68 b cbw.4463
40da5d6c b csw.4464
40da5d7c b trans_data
40da5da0 b mass_flash_start.4465
40da5da4 b mass_flash_sectors.4466
40da5da8 b sunxi_usb_efex_write_enable
40da5dac b sunxi_usb_efex_status
40da5db0 b trans_data
40da5de4 b cmd_buf
40da5de8 b sunxi_efex_next_action
40da5dec B efex_suspend_flag
40da5df0 b pmu_config
40da5e18 b global_unseq_mem_addr
40da5e20 b fullimg_size
40da5e24 b cbw.4967
40da5e28 b csw.4968
40da5e38 b sunxi_usb_fastboot_write_enable
40da5e3c b sunxi_usb_fastboot_status
40da5e40 b trans_data
40da5e5c b all_download_bytes
40da5e60 B fastboot_data_flag
40da5e64 b sunxi_usb_pburn_write_enable
40da5e68 b sunxi_usb_pburn_status
40da5e6c b cbw.4688
40da5e70 b csw.4689
40da5e80 b trans_data
40da5ea4 b burn_private_start
40da5ea8 b burn_private_len
40da5eac b pburn_flash_start.4690
40da5eb0 B buf_queue_init_flag
40da5eb4 B buf_queue_base_buf
40da5eb8 B buf_queue_tail
40da5ebc B buf_queue_head
40da5ec0 B buf_queue_current_len
40da5ec4 B buf_queue_element
40da5ed0 b sunxi_usb_efex_write_enable
40da5ed4 b sunxi_usb_efex_status
40da5ed8 b trans_data
40da5f0c b cmd_buf
40da5f10 B logo_buf
40da5f14 B logo_info
40da5f20 b sunxi_efex_next_action
40da5f24 B efex_test
40da5f28 b cbw.5290
40da5f2c b csw.5291
40da5f3c B sunxi_udc_source
40da5f68 b sunxi_ubuf
40da5f7c B sunxi_udev_active
40da5f80 b ep0_stage.4406
40da5f84 b sunxi_usb_ep0_buffer
40da6184 b usb_dma_trans_unaliged_bytes
40da6188 b usb_dma_trans_unaligned_buf
40da618c b usb_dma_used
40da61ac b usb_hd
40da61b0 b misc_message.4427
40da61b4 b misc_message.4489
40da61b8 B rgb_info
40da61c8 b screen_id
40da61cc b disp_para
40da61d0 b usb_working
40da61d4 B timer_for_usb
40da61e4 B boot_standby_action
40da61e8 B sprite_source
40da6204 b progressbar_hd
40da6208 b last_rate
40da620c B progress
40da6244 B bat_bmp_store
40da62f4 b bat_catoon_has_init
40da62f8 b pre_bat_cal
40da62fc B ui_char_info
40da6320 B font
40da6324 B face
40da6328 b mbr_status
40da632c b mbr_buf
40daa32c B __bss_end__
